Component: ARM Compiler 5.06 update 5 (build 528) Tool: armlink [4d35e2]

==============================================================================

Section Cross References

    startup_stm32f10x_md.o(RESET) refers to startup_stm32f10x_md.o(STACK) for __initial_sp
    startup_stm32f10x_md.o(RESET) refers to startup_stm32f10x_md.o(.text) for Reset_Handler
    startup_stm32f10x_md.o(RESET) refers to stm32f10x_it.o(i.NMI_Handler) for NMI_Handler
    startup_stm32f10x_md.o(RESET) refers to stm32f10x_it.o(i.HardFault_Handler) for HardFault_Handler
    startup_stm32f10x_md.o(RESET) refers to stm32f10x_it.o(i.MemManage_Handler) for MemManage_Handler
    startup_stm32f10x_md.o(RESET) refers to stm32f10x_it.o(i.BusFault_Handler) for BusFault_Handler
    startup_stm32f10x_md.o(RESET) refers to stm32f10x_it.o(i.UsageFault_Handler) for UsageFault_Handler
    startup_stm32f10x_md.o(RESET) refers to stm32f10x_it.o(i.SVC_Handler) for SVC_Handler
    startup_stm32f10x_md.o(RESET) refers to stm32f10x_it.o(i.DebugMon_Handler) for DebugMon_Handler
    startup_stm32f10x_md.o(RESET) refers to stm32f10x_it.o(i.PendSV_Handler) for PendSV_Handler
    startup_stm32f10x_md.o(RESET) refers to stm32f10x_it.o(i.SysTick_Handler) for SysTick_Handler
    startup_stm32f10x_md.o(RESET) refers to timer.o(i.TIM1_UP_IRQHandler) for TIM1_UP_IRQHandler
    startup_stm32f10x_md.o(RESET) refers to timer.o(i.TIM4_IRQHandler) for TIM4_IRQHandler
    startup_stm32f10x_md.o(RESET) refers to usart.o(i.USART1_IRQHandler) for USART1_IRQHandler
    startup_stm32f10x_md.o(RESET) refers to usart2.o(i.USART2_IRQHandler) for USART2_IRQHandler
    startup_stm32f10x_md.o(RESET) refers to usart3.o(i.USART3_IRQHandler) for USART3_IRQHandler
    startup_stm32f10x_md.o(.text) refers to system_stm32f10x.o(i.SystemInit) for SystemInit
    startup_stm32f10x_md.o(.text) refers to entry.o(.ARM.Collect$$$$00000000) for __main
    system_stm32f10x.o(i.SetSysClock) refers to system_stm32f10x.o(i.SetSysClockTo72) for SetSysClockTo72
    system_stm32f10x.o(i.SystemCoreClockUpdate) refers to system_stm32f10x.o(.data) for SystemCoreClock
    system_stm32f10x.o(i.SystemInit) refers to system_stm32f10x.o(i.SetSysClock) for SetSysClock
    stm32f10x_adc.o(i.ADC_DeInit) refers to stm32f10x_rcc.o(i.RCC_APB2PeriphResetCmd) for RCC_APB2PeriphResetCmd
    stm32f10x_bkp.o(i.BKP_DeInit) refers to stm32f10x_rcc.o(i.RCC_BackupResetCmd) for RCC_BackupResetCmd
    stm32f10x_can.o(i.CAN_DeInit) refers to stm32f10x_rcc.o(i.RCC_APB1PeriphResetCmd) for RCC_APB1PeriphResetCmd
    stm32f10x_can.o(i.CAN_GetITStatus) refers to stm32f10x_can.o(i.CheckITStatus) for CheckITStatus
    stm32f10x_cec.o(i.CEC_DeInit) refers to stm32f10x_rcc.o(i.RCC_APB1PeriphResetCmd) for RCC_APB1PeriphResetCmd
    stm32f10x_dac.o(i.DAC_DeInit) refers to stm32f10x_rcc.o(i.RCC_APB1PeriphResetCmd) for RCC_APB1PeriphResetCmd
    stm32f10x_flash.o(i.FLASH_EnableWriteProtection) refers to stm32f10x_flash.o(i.FLASH_WaitForLastOperation) for FLASH_WaitForLastOperation
    stm32f10x_flash.o(i.FLASH_EraseAllBank1Pages) refers to stm32f10x_flash.o(i.FLASH_WaitForLastBank1Operation) for FLASH_WaitForLastBank1Operation
    stm32f10x_flash.o(i.FLASH_EraseAllPages) refers to stm32f10x_flash.o(i.FLASH_WaitForLastOperation) for FLASH_WaitForLastOperation
    stm32f10x_flash.o(i.FLASH_EraseOptionBytes) refers to stm32f10x_flash.o(i.FLASH_GetReadOutProtectionStatus) for FLASH_GetReadOutProtectionStatus
    stm32f10x_flash.o(i.FLASH_EraseOptionBytes) refers to stm32f10x_flash.o(i.FLASH_WaitForLastOperation) for FLASH_WaitForLastOperation
    stm32f10x_flash.o(i.FLASH_ErasePage) refers to stm32f10x_flash.o(i.FLASH_WaitForLastOperation) for FLASH_WaitForLastOperation
    stm32f10x_flash.o(i.FLASH_ProgramHalfWord) refers to stm32f10x_flash.o(i.FLASH_WaitForLastOperation) for FLASH_WaitForLastOperation
    stm32f10x_flash.o(i.FLASH_ProgramOptionByteData) refers to stm32f10x_flash.o(i.FLASH_WaitForLastOperation) for FLASH_WaitForLastOperation
    stm32f10x_flash.o(i.FLASH_ProgramWord) refers to stm32f10x_flash.o(i.FLASH_WaitForLastOperation) for FLASH_WaitForLastOperation
    stm32f10x_flash.o(i.FLASH_ReadOutProtection) refers to stm32f10x_flash.o(i.FLASH_WaitForLastOperation) for FLASH_WaitForLastOperation
    stm32f10x_flash.o(i.FLASH_UserOptionByteConfig) refers to stm32f10x_flash.o(i.FLASH_WaitForLastOperation) for FLASH_WaitForLastOperation
    stm32f10x_flash.o(i.FLASH_WaitForLastBank1Operation) refers to stm32f10x_flash.o(i.FLASH_GetBank1Status) for FLASH_GetBank1Status
    stm32f10x_flash.o(i.FLASH_WaitForLastOperation) refers to stm32f10x_flash.o(i.FLASH_GetBank1Status) for FLASH_GetBank1Status
    stm32f10x_gpio.o(i.GPIO_AFIODeInit) refers to stm32f10x_rcc.o(i.RCC_APB2PeriphResetCmd) for RCC_APB2PeriphResetCmd
    stm32f10x_gpio.o(i.GPIO_DeInit) refers to stm32f10x_rcc.o(i.RCC_APB2PeriphResetCmd) for RCC_APB2PeriphResetCmd
[...]
    Removing stm32f10x_tim.o(i.TIM_OC1PolarityConfig), (18 bytes).
    Removing stm32f10x_tim.o(i.TIM_OC1PreloadConfig), (18 bytes).
    Removing stm32f10x_tim.o(i.TIM_OC2FastConfig), (26 bytes).
    Removing stm32f10x_tim.o(i.TIM_OC2Init), (164 bytes).
    Removing stm32f10x_tim.o(i.TIM_OC2NPolarityConfig), (26 bytes).
    Removing stm32f10x_tim.o(i.TIM_OC2PolarityConfig), (26 bytes).
    Removing stm32f10x_tim.o(i.TIM_OC2PreloadConfig), (26 bytes).
    Removing stm32f10x_tim.o(i.TIM_OC3FastConfig), (18 bytes).
    Removing stm32f10x_tim.o(i.TIM_OC3Init), (160 bytes).
    Removing stm32f10x_tim.o(i.TIM_OC3NPolarityConfig), (26 bytes).
    Removing stm32f10x_tim.o(i.TIM_OC3PolarityConfig), (26 bytes).
    Removing stm32f10x_tim.o(i.TIM_OC3PreloadConfig), (18 bytes).
    Removing stm32f10x_tim.o(i.TIM_OC4FastConfig), (26 bytes).
    Removing stm32f10x_tim.o(i.TIM_OC4Init), (124 bytes).
    Removing stm32f10x_tim.o(i.TIM_OC4PolarityConfig), (26 bytes).
    Removing stm32f10x_tim.o(i.TIM_OC4PreloadConfig), (26 bytes).
    Removing stm32f10x_tim.o(i.TIM_OCStructInit), (20 bytes).
    Removing stm32f10x_tim.o(i.TIM_PWMIConfig), (124 bytes).
    Removing stm32f10x_tim.o(i.TIM_PrescalerConfig), (6 bytes).
    Removing stm32f10x_tim.o(i.TIM_SelectCCDMA), (24 bytes).
    Removing stm32f10x_tim.o(i.TIM_SelectCOM), (24 bytes).
    Removing stm32f10x_tim.o(i.TIM_SelectHallSensor), (24 bytes).
    Removing stm32f10x_tim.o(i.TIM_SelectInputTrigger), (18 bytes).
    Removing stm32f10x_tim.o(i.TIM_SelectMasterSlaveMode), (18 bytes).
    Removing stm32f10x_tim.o(i.TIM_SelectOCxM), (82 bytes).
    Removing stm32f10x_tim.o(i.TIM_SelectOnePulseMode), (18 bytes).
    Removing stm32f10x_tim.o(i.TIM_SelectOutputTrigger), (18 bytes).
    Removing stm32f10x_tim.o(i.TIM_SelectSlaveMode), (18 bytes).
    Removing stm32f10x_tim.o(i.TIM_SetAutoreload), (4 bytes).
    Removing stm32f10x_tim.o(i.TIM_SetClockDivision), (18 bytes).
    Removing stm32f10x_tim.o(i.TIM_SetCompare1), (4 bytes).
    Removing stm32f10x_tim.o(i.TIM_SetCompare2), (4 bytes).
    Removing stm32f10x_tim.o(i.TIM_SetCompare3), (4 bytes).
    Removing stm32f10x_tim.o(i.TIM_SetCompare4), (6 bytes).
    Removing stm32f10x_tim.o(i.TIM_SetCounter), (4 bytes).
    Removing stm32f10x_tim.o(i.TIM_SetIC1Prescaler), (18 bytes).
    Removing stm32f10x_tim.o(i.TIM_SetIC2Prescaler), (26 bytes).
    Removing stm32f10x_tim.o(i.TIM_SetIC3Prescaler), (18 bytes).
    Removing stm32f10x_tim.o(i.TIM_SetIC4Prescaler), (26 bytes).
    Removing stm32f10x_tim.o(i.TIM_TIxExternalClockConfig), (62 bytes).
    Removing stm32f10x_tim.o(i.TIM_TimeBaseStructInit), (18 bytes).
    Removing stm32f10x_tim.o(i.TIM_UpdateDisableConfig), (24 bytes).
    Removing stm32f10x_tim.o(i.TIM_UpdateRequestConfig), (24 bytes).
    Removing stm32f10x_usart.o(i.USART_ClearFlag), (18 bytes).
    Removing stm32f10x_usart.o(i.USART_ClockInit), (34 bytes).
    Removing stm32f10x_usart.o(i.USART_ClockStructInit), (12 bytes).
    Removing stm32f10x_usart.o(i.USART_DMACmd), (18 bytes).
    Removing stm32f10x_usart.o(i.USART_DeInit), (156 bytes).
    Removing stm32f10x_usart.o(i.USART_HalfDuplexCmd), (24 bytes).
    Removing stm32f10x_usart.o(i.USART_IrDACmd), (24 bytes).
    Removing stm32f10x_usart.o(i.USART_IrDAConfig), (18 bytes).
    Removing stm32f10x_usart.o(i.USART_LINBreakDetectLengthConfig), (18 bytes).
    Removing stm32f10x_usart.o(i.USART_LINCmd), (24 bytes).
    Removing stm32f10x_usart.o(i.USART_OneBitMethodCmd), (24 bytes).
    Removing stm32f10x_usart.o(i.USART_OverSampling8Cmd), (22 bytes).
    Removing stm32f10x_usart.o(i.USART_ReceiverWakeUpCmd), (24 bytes).
    Removing stm32f10x_usart.o(i.USART_SendBreak), (10 bytes).
    Removing stm32f10x_usart.o(i.USART_SetAddress), (18 bytes).
    Removing stm32f10x_usart.o(i.USART_SetGuardTime), (16 bytes).
    Removing stm32f10x_usart.o(i.USART_SetPrescaler), (16 bytes).
    Removing stm32f10x_usart.o(i.USART_SmartCardCmd), (24 bytes).
    Removing stm32f10x_usart.o(i.USART_SmartCardNACKCmd), (24 bytes).
    Removing stm32f10x_usart.o(i.USART_StructInit), (24 bytes).
    Removing stm32f10x_usart.o(i.USART_WakeUpConfig), (18 bytes).
    Removing stm32f10x_wwdg.o(i.WWDG_ClearFlag), (12 bytes).
    Removing stm32f10x_wwdg.o(i.WWDG_DeInit), (22 bytes).
    Removing stm32f10x_wwdg.o(i.WWDG_Enable), (16 bytes).
    Removing stm32f10x_wwdg.o(i.WWDG_EnableIT), (12 bytes).
    Removing stm32f10x_wwdg.o(i.WWDG_GetFlagStatus), (12 bytes).
    Removing stm32f10x_wwdg.o(i.WWDG_SetCounter), (16 bytes).
    Removing stm32f10x_wwdg.o(i.WWDG_SetPrescaler), (24 bytes).
    Removing stm32f10x_wwdg.o(i.WWDG_SetWindowValue), (40 bytes).
    Removing delay.o(i.Delay_s), (24 bytes).
    Removing usart.o(i.Serial_Pow), (20 bytes).
    Removing usart.o(i.Serial_SendArray), (26 bytes).
    Removing usart.o(i.Serial_SendNumber), (58 bytes).
    Removing usart.o(i.Serial_SendString), (26 bytes).
    Removing usart.o(i.fgetc), (32 bytes).
    Removing usart.o(i.fputc), (36 bytes).
    Removing sys.o(i.INTX_DISABLE), (4 bytes).
    Removing sys.o(i.INTX_ENABLE), (4 bytes).
    Removing sys.o(i.WFI_SET), (4 bytes).
    Removing led.o(i.LED3_ON), (20 bytes).
    Removing key.o(i.button_stop), (36 bytes).
    Removing key.o(i.get_button_event), (8 bytes).
    Removing oled.o(i.OLED_DisplayOff), (28 bytes).
    Removing oled.o(i.OLED_DisplayOn), (28 bytes).
    Removing oled.o(i.OLED_DrawBMP2), (116 bytes).
    Removing oled.o(i.OLED_FillPicture), (64 bytes).
    Removing oled.o(i.OLED_On), (62 bytes).
    Removing oled.o(i.OLED_ShowCHinese), (104 bytes).
    Removing oled.o(i.OLED_ShowNum), (136 bytes).
    Removing oled.o(i.oled_pow), (22 bytes).
    Removing oled.o(.data), (224 bytes).
    Removing buzzer.o(i.Buzzer_OFF), (20 bytes).
    Removing buzzer.o(i.Buzzer_ON), (20 bytes).
    Removing buzzer.o(i.Buzzer_Turn), (44 bytes).
    Removing gizwits_product.o(i.TIMER_IRQ_FUN), (8 bytes).
    Removing gizwits_product.o(i.UART_IRQ_FUN), (16 bytes).
    Removing gizwits_product.o(i.userInit), (16 bytes).
    Removing gizwits_protocol.o(i.gizwitsGetModuleInfo), (96 bytes).
    Removing gizwits_protocol.o(i.gizwitsGetNTP), (88 bytes).
    Removing gizwits_protocol.o(i.gizwitsPassthroughData), (156 bytes).
    Removing gizwits_protocol.o(i.gizwitsSetMode), (528 bytes).
    Removing common.o(i.char2hex), (106 bytes).
    Removing common.o(i.checkStringIsNotZero), (46 bytes).
    Removing common.o(i.get_yeardays), (24 bytes).
    Removing common.o(i.hex2Str), (82 bytes).
    Removing common.o(i.isleap), (52 bytes).
    Removing common.o(i.returnNtp2Wt), (284 bytes).
    Removing common.o(i.returnWeekDay), (156 bytes).
    Removing common.o(i.str2Hex), (80 bytes).
    Removing common.o(.constdata), (48 bytes).
    Removing datapointtools.o(i.gizStandardDecompressionValue), (194 bytes).
    Removing datapointtools.o(i.gizVarlenCompressValue), (124 bytes).
    Removing datapointtools.o(i.gizVarlenDecompressionValue), (196 bytes).
    Removing datapointtools.o(i.gizX2Y), (12 bytes).
    Removing datapointtools.o(i.gizX2YFloat), (42 bytes).
    Removing datapointtools.o(i.gizY2XFloat), (42 bytes).
    Removing ringbuffer.o(i.rbDelete), (24 bytes).
    Removing fadd.o(.text), (176 bytes).
    Removing fmul.o(.text), (100 bytes).
    Removing fdiv.o(.text), (124 bytes).
    Removing ffltui.o(.text), (10 bytes).
    Removing ffixui.o(.text), (40 bytes).
    Removing fepilogue.o(.text), (110 bytes).
    Removing dadd.o(.text), (334 bytes).
    Removing dmul.o(.text), (228 bytes).
    Removing ddiv.o(.text), (222 bytes).
    Removing dfixul.o(.text), (48 bytes).
    Removing cdrcmple.o(.text), (48 bytes).
    Removing depilogue.o(.text), (186 bytes).

512 unused section(s) (total 23662 bytes) removed from the image.

==============================================================================

Image Symbol Table

    Local Symbols

    Symbol Name                              Value     Ov Type        Size  Object(Section)

    ../clib/microlib/ctype/toupper.c         0x00000000   Number         0  toupper.o ABSOLUTE
    ../clib/microlib/division.c              0x00000000   Number         0  uidiv.o ABSOLUTE
    ../clib/microlib/division.c              0x00000000   Number         0  uldiv.o ABSOLUTE
    ../clib/microlib/init/entry.s            0x00000000   Number         0  entry11a.o ABSOLUTE
    ../clib/microlib/init/entry.s            0x00000000   Number         0  entry10b.o ABSOLUTE
    ../clib/microlib/init/entry.s            0x00000000   Number         0  entry10a.o ABSOLUTE
    ../clib/microlib/init/entry.s            0x00000000   Number         0  entry9b.o ABSOLUTE
    ../clib/microlib/init/entry.s            0x00000000   Number         0  entry9a.o ABSOLUTE
    ../clib/microlib/init/entry.s            0x00000000   Number         0  entry8b.o ABSOLUTE
    ../clib/microlib/init/entry.s            0x00000000   Number         0  entry8a.o ABSOLUTE
    ../clib/microlib/init/entry.s            0x00000000   Number         0  entry7b.o ABSOLUTE
    ../clib/microlib/init/entry.s            0x00000000   Number         0  entry5.o ABSOLUTE
    ../clib/microlib/init/entry.s            0x00000000   Number         0  entry11b.o ABSOLUTE
    ../clib/microlib/init/entry.s            0x00000000   Number         0  entry2.o ABSOLUTE
    ../clib/microlib/init/entry.s            0x00000000   Number         0  entry7a.o ABSOLUTE
    ../clib/microlib/init/entry.s            0x00000000   Number         0  entry.o ABSOLUTE
    ../clib/microlib/longlong.c              0x00000000   Number         0  llushr.o ABSOLUTE
    ../clib/microlib/longlong.c              0x00000000   Number         0  llshl.o ABSOLUTE
    ../clib/microlib/longlong.c              0x00000000   Number         0  llsshr.o ABSOLUTE
    ../clib/microlib/printf/printf.c         0x00000000   Number         0  printf7.o ABSOLUTE
    ../clib/microlib/printf/printf.c         0x00000000   Number         0  printf5.o ABSOLUTE
    ../clib/microlib/printf/printf.c         0x00000000   Number         0  printfa.o ABSOLUTE
    ../clib/microlib/printf/printf.c         0x00000000   Number         0  printf8.o ABSOLUTE
    ../clib/microlib/printf/printf.c         0x00000000   Number         0  printf4.o ABSOLUTE
    ../clib/microlib/printf/printf.c         0x00000000   Number         0  printf3.o ABSOLUTE
    ../clib/microlib/printf/printf.c         0x00000000   Number         0  printf2.o ABSOLUTE
    ../clib/microlib/printf/printf.c         0x00000000   Number         0  printf1.o ABSOLUTE
    ../clib/microlib/printf/printf.c         0x00000000   Number         0  printf6.o ABSOLUTE
    ../clib/microlib/printf/printf.c         0x00000000   Number         0  printf0.o ABSOLUTE
    ../clib/microlib/printf/printf.c         0x00000000   Number         0  printfb.o ABSOLUTE
    ../clib/microlib/printf/stubs.s          0x00000000   Number         0  stubs.o ABSOLUTE
    ../clib/microlib/stdio/streams.c         0x00000000   Number         0  stdout.o ABSOLUTE
    ../clib/microlib/string/memcpy.c         0x00000000   Number         0  memcpya.o ABSOLUTE
    ../clib/microlib/string/memcpy.c         0x00000000   Number         0  memcpyb.o ABSOLUTE
    ../clib/microlib/string/memset.c         0x00000000   Number         0  memseta.o ABSOLUTE
    ../clib/microlib/string/strlen.c         0x00000000   Number         0  strlen.o ABSOLUTE
    ../clib/microlib/stubs.s                 0x00000000   Number         0  iusefp.o ABSOLUTE
    ../fplib/microlib/fpadd.c                0x00000000   Number         0  fadd.o ABSOLUTE
    ../fplib/microlib/fpadd.c                0x00000000   Number         0  dadd.o ABSOLUTE
    ../fplib/microlib/fpdiv.c                0x00000000   Number         0  fdiv.o ABSOLUTE
    ../fplib/microlib/fpdiv.c                0x00000000   Number         0  ddiv.o ABSOLUTE
    ../fplib/microlib/fpepilogue.c           0x00000000   Number         0  fepilogue.o ABSOLUTE
    ../fplib/microlib/fpepilogue.c           0x00000000   Number         0  depilogue.o ABSOLUTE
    ../fplib/microlib/fpfix.c                0x00000000   Number         0  dfixul.o ABSOLUTE
    ../fplib/microlib/fpfix.c                0x00000000   Number         0  ffixui.o ABSOLUTE
    ../fplib/microlib/fpflt.c                0x00000000   Number         0  ffltui.o ABSOLUTE
    ../fplib/microlib/fpmul.c                0x00000000   Number         0  fmul.o ABSOLUTE
    ../fplib/microlib/fpmul.c                0x00000000   Number         0  dmul.o ABSOLUTE
    Gizwits\gizwits_product.c                0x00000000   Number         0  gizwits_product.o ABSOLUTE
    Gizwits\gizwits_protocol.c               0x00000000   Number         0  gizwits_protocol.o ABSOLUTE
    Hardware\APP.c                           0x00000000   Number         0  app.o ABSOLUTE
    Hardware\Buzzer.c                        0x00000000   Number         0  buzzer.o ABSOLUTE
    Hardware\DHT11.c                         0x00000000   Number         0  dht11.o ABSOLUTE
    Hardware\Key.c                           0x00000000   Number         0  key.o ABSOLUTE
    Hardware\LED.c                           0x00000000   Number         0  led.o ABSOLUTE
    Hardware\Massage.c                       0x00000000   Number         0  massage.o ABSOLUTE
    Hardware\OLED.c                          0x00000000   Number         0  oled.o ABSOLUTE
    Hardware\Power.c                         0x00000000   Number         0  power.o ABSOLUTE
    Hardware\Sound.c                         0x00000000   Number         0  sound.o ABSOLUTE
    Hardware\Wifi.c                          0x00000000   Number         0  wifi.o ABSOLUTE
    Library\misc.c                           0x00000000   Number         0  misc.o ABSOLUTE
    Library\stm32f10x_adc.c                  0x00000000   Number         0  stm32f10x_adc.o ABSOLUTE
    Library\stm32f10x_bkp.c                  0x00000000   Number         0  stm32f10x_bkp.o ABSOLUTE
    Library\stm32f10x_can.c                  0x00000000   Number         0  stm32f10x_can.o ABSOLUTE
    Library\stm32f10x_cec.c                  0x00000000   Number         0  stm32f10x_cec.o ABSOLUTE
    Library\stm32f10x_crc.c                  0x00000000   Number         0  stm32f10x_crc.o ABSOLUTE
    Library\stm32f10x_dac.c                  0x00000000   Number         0  stm32f10x_dac.o ABSOLUTE
    Library\stm32f10x_dbgmcu.c               0x00000000   Number         0  stm32f10x_dbgmcu.o ABSOLUTE
    Library\stm32f10x_dma.c                  0x00000000   Number         0  stm32f10x_dma.o ABSOLUTE
    Library\stm32f10x_exti.c                 0x00000000   Number         0  stm32f10x_exti.o ABSOLUTE
    Library\stm32f10x_flash.c                0x00000000   Number         0  stm32f10x_flash.o ABSOLUTE
    Library\stm32f10x_fsmc.c                 0x00000000   Number         0  stm32f10x_fsmc.o ABSOLUTE
    Library\stm32f10x_gpio.c                 0x00000000   Number         0  stm32f10x_gpio.o ABSOLUTE
    Library\stm32f10x_i2c.c                  0x00000000   Number         0  stm32f10x_i2c.o ABSOLUTE
    Library\stm32f10x_iwdg.c                 0x00000000   Number         0  stm32f10x_iwdg.o ABSOLUTE
    Library\stm32f10x_pwr.c                  0x00000000   Number         0  stm32f10x_pwr.o ABSOLUTE
    Library\stm32f10x_rcc.c                  0x00000000   Number         0  stm32f10x_rcc.o ABSOLUTE
    Library\stm32f10x_rtc.c                  0x00000000   Number         0  stm32f10x_rtc.o ABSOLUTE
    Library\stm32f10x_sdio.c                 0x00000000   Number         0  stm32f10x_sdio.o ABSOLUTE
    Library\stm32f10x_spi.c                  0x00000000   Number         0  stm32f10x_spi.o ABSOLUTE
    Library\stm32f10x_tim.c                  0x00000000   Number         0  stm32f10x_tim.o ABSOLUTE
    Library\stm32f10x_usart.c                0x00000000   Number         0  stm32f10x_usart.o ABSOLUTE
    Library\stm32f10x_wwdg.c                 0x00000000   Number         0  stm32f10x_wwdg.o ABSOLUTE
    Start\\core_cm3.c                        0x00000000   Number         0  core_cm3.o ABSOLUTE
    Start\core_cm3.c                         0x00000000   Number         0  core_cm3.o ABSOLUTE
    Start\startup_stm32f10x_md.s             0x00000000   Number         0  startup_stm32f10x_md.o ABSOLUTE
    Start\system_stm32f10x.c                 0x00000000   Number         0  system_stm32f10x.o ABSOLUTE
    System\Delay.c                           0x00000000   Number         0  delay.o ABSOLUTE
    System\sys.c                             0x00000000   Number         0  sys.o ABSOLUTE
    System\timer.c                           0x00000000   Number         0  timer.o ABSOLUTE
    System\usart.c                           0x00000000   Number         0  usart.o ABSOLUTE
    System\usart2.c                          0x00000000   Number         0  usart2.o ABSOLUTE
    System\usart3.c                          0x00000000   Number         0  usart3.o ABSOLUTE
    User\main.c                              0x00000000   Number         0  main.o ABSOLUTE
    User\stm32f10x_it.c                      0x00000000   Number         0  stm32f10x_it.o ABSOLUTE
    Utils\common.c                           0x00000000   Number         0  common.o ABSOLUTE
    Utils\dataPointTools.c                   0x00000000   Number         0  datapointtools.o ABSOLUTE
    Utils\ringbuffer.c                       0x00000000   Number         0  ringbuffer.o ABSOLUTE
    cdrcmple.s                               0x00000000   Number         0  cdrcmple.o ABSOLUTE
    dc.s                                     0x00000000   Number         0  dc.o ABSOLUTE
    handlers.s                               0x00000000   Number         0  handlers.o ABSOLUTE
    init.s                                   0x00000000   Number         0  init.o ABSOLUTE
    RESET                                    0x08000000   Section      236  startup_stm32f10x_md.o(RESET)
    .ARM.Collect$$$$00000000                 0x080000ec   Section        0  entry.o(.ARM.Collect$$$$00000000)
    .ARM.Collect$$$$00000001                 0x080000ec   Section        4  entry2.o(.ARM.Collect$$$$00000001)
    .ARM.Collect$$$$00000004                 0x080000f0   Section        4  entry5.o(.ARM.Collect$$$$00000004)
    .ARM.Collect$$$$00000008                 0x080000f4   Section        0  entry7b.o(.ARM.Collect$$$$00000008)
    .ARM.Collect$$$$0000000A                 0x080000f4   Section        0  entry8b.o(.ARM.Collect$$$$0000000A)
    .ARM.Collect$$$$0000000B                 0x080000f4   Section        8  entry9a.o(.ARM.Collect$$$$0000000B)
    .ARM.Collect$$$$0000000D                 0x080000fc   Section        0  entry10a.o(.ARM.Collect$$$$0000000D)
    .ARM.Collect$$$$0000000F                 0x080000fc   Section        0  entry11a.o(.ARM.Collect$$$$0000000F)
    .ARM.Collect$$$$00002712                 0x080000fc   Section        4  entry2.o(.ARM.Collect$$$$00002712)
    __lit__00000000                          0x080000fc   Data           4  entry2.o(.ARM.Collect$$$$00002712)
    .text                                    0x08000100   Section       36  startup_stm32f10x_md.o(.text)
    .text                                    0x08000124   Section        0  memcpya.o(.text)
    .text                                    0x08000148   Section        0  memseta.o(.text)
    .text                                    0x0800016c   Section        0  uidiv.o(.text)
    .text                                    0x08000198   Section       36  init.o(.text)
    i.APP_Init                               0x080001bc   Section        0  app.o(i.APP_Init)
    i.APP_Run                                0x08000274   Section        0  app.o(i.APP_Run)
    i.BTN1_DOUBLE_Click_Handler              0x080002c8   Section        0  key.o(i.BTN1_DOUBLE_Click_Handler)
    i.BTN1_LONG_PRESS_START_Handler          0x080002d6   Section        0  key.o(i.BTN1_LONG_PRESS_START_Handler)
    i.BTN1_PRESS_REPEAT_Handler              0x080002d8   Section        0  key.o(i.BTN1_PRESS_REPEAT_Handler)
    i.BTN1_SINGLE_Click_Handler              0x080002da   Section        0  key.o(i.BTN1_SINGLE_Click_Handler)
    i.BusFault_Handler                       0x080002dc   Section        0  stm32f10x_it.o(i.BusFault_Handler)
    i.Buzzer_Init                            0x080002e0   Section        0  buzzer.o(i.Buzzer_Init)
    i.DHT11_Check                            0x08000314   Section        0  dht11.o(i.DHT11_Check)
    i.DHT11_IO_IN                            0x08000370   Section        0  dht11.o(i.DHT11_IO_IN)
    i.DHT11_IO_OUT                           0x080003a0   Section        0  dht11.o(i.DHT11_IO_OUT)
    i.DHT11_Init                             0x080003c4   Section        0  dht11.o(i.DHT11_Init)
    i.DHT11_Read_Bit                         0x080003d0   Section        0  dht11.o(i.DHT11_Read_Bit)
    i.DHT11_Read_Byte                        0x08000430   Section        0  dht11.o(i.DHT11_Read_Byte)
    i.DHT11_Read_Data                        0x0800044e   Section        0  dht11.o(i.DHT11_Read_Data)
    i.DHT11_Rst                              0x080004a8   Section        0  dht11.o(i.DHT11_Rst)
    i.DebugMon_Handler                       0x080004d4   Section        0  stm32f10x_it.o(i.DebugMon_Handler)
    i.Delay_ms                               0x080004d6   Section        0  delay.o(i.Delay_ms)
    i.Delay_us                               0x080004ee   Section        0  delay.o(i.Delay_us)
    i.GPIO_Init                              0x0800051c   Section        0  stm32f10x_gpio.o(i.GPIO_Init)
    i.GPIO_ReadInputDataBit                  0x08000632   Section        0  stm32f10x_gpio.o(i.GPIO_ReadInputDataBit)
    i.GPIO_ReadOutputDataBit                 0x08000644   Section        0  stm32f10x_gpio.o(i.GPIO_ReadOutputDataBit)
    i.GPIO_ResetBits                         0x08000656   Section        0  stm32f10x_gpio.o(i.GPIO_ResetBits)
    i.GPIO_SetBits                           0x0800065a   Section        0  stm32f10x_gpio.o(i.GPIO_SetBits)
    i.Gizwits_Init                           0x08000660   Section        0  app.o(i.Gizwits_Init)
    i.HardFault_Handler                      0x08000688   Section        0  stm32f10x_it.o(i.HardFault_Handler)
    i.IIC_Start                              0x0800068c   Section        0  oled.o(i.IIC_Start)
    i.IIC_Stop                               0x080006bc   Section        0  oled.o(i.IIC_Stop)
    i.IIC_WaitAck                            0x080006e4   Section        0  oled.o(i.IIC_WaitAck)
    i.IIC_WriteByte                          0x08000700   Section        0  oled.o(i.IIC_WriteByte)
    i.IIC_WriteCommand                       0x0800075c   Section        0  oled.o(i.IIC_WriteCommand)
    i.IIC_WriteData                          0x08000788   Section        0  oled.o(i.IIC_WriteData)
    i.KEY_GPIO_Init                          0x080007b4   Section        0  key.o(i.KEY_GPIO_Init)
    i.LED1_OFF                               0x080007e0   Section        0  led.o(i.LED1_OFF)
    i.LED1_ON                                0x080007f0   Section        0  led.o(i.LED1_ON)
    i.LED2_OFF                               0x08000800   Section        0  led.o(i.LED2_OFF)
    i.LED2_ON                                0x08000810   Section        0  led.o(i.LED2_ON)
    i.LED3_OFF                               0x08000820   Section        0  led.o(i.LED3_OFF)
    i.LED_Init                               0x08000834   Section        0  led.o(i.LED_Init)
    i.Massage_Init                           0x08000894   Section        0  massage.o(i.Massage_Init)
    i.Massage_OFF                            0x080008c8   Section        0  massage.o(i.Massage_OFF)
    i.Massage_ON                             0x080008dc   Section        0  massage.o(i.Massage_ON)
    i.MemManage_Handler                      0x080008f0   Section        0  stm32f10x_it.o(i.MemManage_Handler)
    i.NMI_Handler                            0x080008f4   Section        0  stm32f10x_it.o(i.NMI_Handler)
    i.NVIC_Init                              0x080008f8   Section        0  misc.o(i.NVIC_Init)
    i.NVIC_PriorityGroupConfig               0x08000968   Section        0  misc.o(i.NVIC_PriorityGroupConfig)
    i.OLED_Clear                             0x0800097c   Section        0  oled.o(i.OLED_Clear)
    i.OLED_Init                              0x080009bc   Section        0  oled.o(i.OLED_Init)
    i.OLED_SetPos                            0x08000afc   Section        0  oled.o(i.OLED_SetPos)
    i.OLED_Show                              0x08000b24   Section        0  app.o(i.OLED_Show)
    i.OLED_ShowChar                          0x08000bc8   Section        0  oled.o(i.OLED_ShowChar)
    i.OLED_ShowString                        0x08000c6c   Section        0  oled.o(i.OLED_ShowString)
    i.OLED_WR_Byte                           0x08000ca6   Section        0  oled.o(i.OLED_WR_Byte)
    i.PendSV_Handler                         0x08000cbe   Section        0  stm32f10x_it.o(i.PendSV_Handler)
    i.Power3_OFF                             0x08000cc0   Section        0  power.o(i.Power3_OFF)
    i.Power3_ON                              0x08000cd4   Section        0  power.o(i.Power3_ON)
    i.Power5_OFF                             0x08000ce8   Section        0  power.o(i.Power5_OFF)
    i.Power5_ON                              0x08000cfc   Section        0  power.o(i.Power5_ON)
    i.PowerOut_Init                          0x08000d10   Section        0  power.o(i.PowerOut_Init)
    i.RCC_APB1PeriphClockCmd                 0x08000d64   Section        0  stm32f10x_rcc.o(i.RCC_APB1PeriphClockCmd)
    i.RCC_APB2PeriphClockCmd                 0x08000d84   Section        0  stm32f10x_rcc.o(i.RCC_APB2PeriphClockCmd)
    i.RCC_GetClocksFreq                      0x08000da4   Section        0  stm32f10x_rcc.o(i.RCC_GetClocksFreq)
    i.Read_DHT11                             0x08000e78   Section        0  app.o(i.Read_DHT11)
    i.SVC_Handler                            0x08000e8c   Section        0  stm32f10x_it.o(i.SVC_Handler)
    i.Serial_GetRxData                       0x08000e90   Section        0  usart.o(i.Serial_GetRxData)
    i.Serial_GetRxFlag                       0x08000e9c   Section        0  usart.o(i.Serial_GetRxFlag)
    i.Serial_SendByte                        0x08000eb8   Section        0  usart.o(i.Serial_SendByte)
    i.SetSysClock                            0x08000ed8   Section        0  system_stm32f10x.o(i.SetSysClock)
    SetSysClock                              0x08000ed9   Thumb Code     8  system_stm32f10x.o(i.SetSysClock)
    i.SetSysClockTo72                        0x08000ee0   Section        0  system_stm32f10x.o(i.SetSysClockTo72)
    SetSysClockTo72                          0x08000ee1   Thumb Code   214  system_stm32f10x.o(i.SetSysClockTo72)
    i.Soil_deal                              0x08000fc0   Section        0  app.o(i.Soil_deal)
    i.Sound_Init                             0x08001028   Section        0  sound.o(i.Sound_Init)
    i.SysTick_Handler                        0x0800104c   Section        0  stm32f10x_it.o(i.SysTick_Handler)
    i.SystemInit                             0x08001050   Section        0  system_stm32f10x.o(i.SystemInit)
    i.TIM1_Int_Init                          0x080010b0   Section        0  timer.o(i.TIM1_Int_Init)
    i.TIM1_UP_IRQHandler                     0x08001114   Section        0  timer.o(i.TIM1_UP_IRQHandler)
    i.TIM4_IRQHandler                        0x0800114c   Section        0  timer.o(i.TIM4_IRQHandler)
    i.TIM4_Int_Init                          0x0800116c   Section        0  timer.o(i.TIM4_Int_Init)
    i.TIM_ClearFlag                          0x080011cc   Section        0  stm32f10x_tim.o(i.TIM_ClearFlag)
    i.TIM_ClearITPendingBit                  0x080011d2   Section        0  stm32f10x_tim.o(i.TIM_ClearITPendingBit)
    i.TIM_Cmd                                0x080011d8   Section        0  stm32f10x_tim.o(i.TIM_Cmd)
    i.TIM_GetITStatus                        0x080011f0   Section        0  stm32f10x_tim.o(i.TIM_GetITStatus)
    i.TIM_ITConfig                           0x08001212   Section        0  stm32f10x_tim.o(i.TIM_ITConfig)
    i.TIM_TimeBaseInit                       0x08001224   Section        0  stm32f10x_tim.o(i.TIM_TimeBaseInit)
    i.USART1_IRQHandler                      0x080012c8   Section        0  usart.o(i.USART1_IRQHandler)
    i.USART2_IRQHandler                      0x08001300   Section        0  usart2.o(i.USART2_IRQHandler)
    i.USART3_IRQHandler                      0x08001370   Section        0  usart3.o(i.USART3_IRQHandler)
    i.USART_ClearITPendingBit                0x08001398   Section        0  stm32f10x_usart.o(i.USART_ClearITPendingBit)
    i.USART_Cmd                              0x080013b6   Section        0  stm32f10x_usart.o(i.USART_Cmd)
    i.USART_GetFlagStatus                    0x080013ce   Section        0  stm32f10x_usart.o(i.USART_GetFlagStatus)
    i.USART_GetITStatus                      0x080013e8   Section        0  stm32f10x_usart.o(i.USART_GetITStatus)
    i.USART_ITConfig                         0x0800143c   Section        0  stm32f10x_usart.o(i.USART_ITConfig)
    i.USART_Init                             0x08001488   Section        0  stm32f10x_usart.o(i.USART_Init)
    i.USART_ReceiveData                      0x08001560   Section        0  stm32f10x_usart.o(i.USART_ReceiveData)
    i.USART_SendData                         0x0800156a   Section        0  stm32f10x_usart.o(i.USART_SendData)
    i.UsageFault_Handler                     0x08001572   Section        0  stm32f10x_it.o(i.UsageFault_Handler)
    i.Usart2_SendByte                        0x08001576   Section        0  usart2.o(i.Usart2_SendByte)
    i.Voice_deal                             0x08001594   Section        0  app.o(i.Voice_deal)
    i.Wifi_Init                              0x080015e8   Section        0  wifi.o(i.Wifi_Init)
    i.__0sprintf$1                           0x08001614   Section        0  printf1.o(i.__0sprintf$1)
    i.__scatterload_copy                     0x0800163c   Section       14  handlers.o(i.__scatterload_copy)
    i.__scatterload_null                     0x0800164a   Section        2  handlers.o(i.__scatterload_null)
    i.__scatterload_zeroinit                 0x0800164c   Section       14  handlers.o(i.__scatterload_zeroinit)
    i._printf_core                           0x0800165c   Section        0  printf1.o(i._printf_core)
    _printf_core                             0x0800165d   Thumb Code   336  printf1.o(i._printf_core)
    i._sputc                                 0x080017b0   Section        0  printf1.o(i._sputc)
    _sputc                                   0x080017b1   Thumb Code    10  printf1.o(i._sputc)
    i.button_attach                          0x080017ba   Section        0  key.o(i.button_attach)
    i.button_handler                         0x080017c4   Section        0  key.o(i.button_handler)
    i.button_init                            0x08001a00   Section        0  key.o(i.button_init)
    i.button_start                           0x08001a34   Section        0  key.o(i.button_start)
    i.button_ticks                           0x08001a60   Section        0  key.o(i.button_ticks)
    i.exchangeBytes                          0x08001a7c   Section        0  common.o(i.exchangeBytes)
    i.exchangeWord                           0x08001a96   Section        0  common.o(i.exchangeWord)
    i.gizAcrossByteJudge                     0x08001ab0   Section        0  datapointtools.o(i.gizAcrossByteJudge)
    i.gizByteOrderExchange                   0x08001ada   Section        0  datapointtools.o(i.gizByteOrderExchange)
    i.gizCheckReport                         0x08001b0c   Section        0  gizwits_protocol.o(i.gizCheckReport)
    gizCheckReport                           0x08001b0d   Thumb Code   220  gizwits_protocol.o(i.gizCheckReport)
    i.gizDataPoints2ReportData               0x08001bec   Section        0  gizwits_protocol.o(i.gizDataPoints2ReportData)
    gizDataPoints2ReportData                 0x08001bed   Thumb Code   170  gizwits_protocol.o(i.gizDataPoints2ReportData)
    i.gizDevReportPolicy                     0x08001c98   Section        0  gizwits_protocol.o(i.gizDevReportPolicy)
    gizDevReportPolicy                       0x08001c99   Thumb Code   116  gizwits_protocol.o(i.gizDevReportPolicy)
    i.gizGetTimerCount                       0x08001d18   Section        0  gizwits_product.o(i.gizGetTimerCount)
    i.gizProtocolAckHandle                   0x08001d24   Section        0  gizwits_protocol.o(i.gizProtocolAckHandle)
    gizProtocolAckHandle                     0x08001d25   Thumb Code    74  gizwits_protocol.o(i.gizProtocolAckHandle)
    i.gizProtocolCommonAck                   0x08001d74   Section        0  gizwits_protocol.o(i.gizProtocolCommonAck)
    gizProtocolCommonAck                     0x08001d75   Thumb Code    74  gizwits_protocol.o(i.gizProtocolCommonAck)
    i.gizProtocolErrorCmd                    0x08001dbe   Section        0  gizwits_protocol.o(i.gizProtocolErrorCmd)
    gizProtocolErrorCmd                      0x08001dbf   Thumb Code    78  gizwits_protocol.o(i.gizProtocolErrorCmd)
    i.gizProtocolGetDeviceInfo               0x08001e0c   Section        0  gizwits_protocol.o(i.gizProtocolGetDeviceInfo)
    gizProtocolGetDeviceInfo                 0x08001e0d   Thumb Code   170  gizwits_protocol.o(i.gizProtocolGetDeviceInfo)
    i.gizProtocolGetOnePacket                0x08001f30   Section        0  gizwits_protocol.o(i.gizProtocolGetOnePacket)
    gizProtocolGetOnePacket                  0x08001f31   Thumb Code   370  gizwits_protocol.o(i.gizProtocolGetOnePacket)
    i.gizProtocolHeadInit                    0x080020b4   Section        0  gizwits_protocol.o(i.gizProtocolHeadInit)
    gizProtocolHeadInit                      0x080020b5   Thumb Code    26  gizwits_protocol.o(i.gizProtocolHeadInit)
    i.gizProtocolIssuedDataAck               0x080020ce   Section        0  gizwits_protocol.o(i.gizProtocolIssuedDataAck)
    gizProtocolIssuedDataAck                 0x080020cf   Thumb Code   206  gizwits_protocol.o(i.gizProtocolIssuedDataAck)
    i.gizProtocolIssuedProcess               0x0800219c   Section        0  gizwits_protocol.o(i.gizProtocolIssuedProcess)
    gizProtocolIssuedProcess                 0x0800219d   Thumb Code   196  gizwits_protocol.o(i.gizProtocolIssuedProcess)
    i.gizProtocolModuleInfoHandle            0x08002264   Section        0  gizwits_protocol.o(i.gizProtocolModuleInfoHandle)
    gizProtocolModuleInfoHandle              0x08002265   Thumb Code    60  gizwits_protocol.o(i.gizProtocolModuleInfoHandle)
    i.gizProtocolModuleStatus                0x080022a8   Section        0  gizwits_protocol.o(i.gizProtocolModuleStatus)
    gizProtocolModuleStatus                  0x080022a9   Thumb Code   724  gizwits_protocol.o(i.gizProtocolModuleStatus)
    i.gizProtocolNTP                         0x08002584   Section        0  gizwits_protocol.o(i.gizProtocolNTP)
    gizProtocolNTP                           0x08002585   Thumb Code   104  gizwits_protocol.o(i.gizProtocolNTP)
    i.gizProtocolReboot                      0x080025f4   Section        0  gizwits_protocol.o(i.gizProtocolReboot)
    gizProtocolReboot                        0x080025f5   Thumb Code    28  gizwits_protocol.o(i.gizProtocolReboot)
    i.gizProtocolResendData                  0x08002610   Section        0  gizwits_protocol.o(i.gizProtocolResendData)
    gizProtocolResendData                    0x08002611   Thumb Code    54  gizwits_protocol.o(i.gizProtocolResendData)
    i.gizProtocolSum                         0x0800264c   Section        0  common.o(i.gizProtocolSum)
    i.gizProtocolWaitAck                     0x08002674   Section        0  gizwits_protocol.o(i.gizProtocolWaitAck)
    gizProtocolWaitAck                       0x08002675   Thumb Code    64  gizwits_protocol.o(i.gizProtocolWaitAck)
    i.gizProtocolWaitAckCheck                0x080026b8   Section        0  gizwits_protocol.o(i.gizProtocolWaitAckCheck)
    gizProtocolWaitAckCheck                  0x080026b9   Thumb Code    38  gizwits_protocol.o(i.gizProtocolWaitAckCheck)
    i.gizPutData                             0x080026e4   Section        0  gizwits_protocol.o(i.gizPutData)
    i.gizReportData                          0x08002710   Section        0  gizwits_protocol.o(i.gizReportData)
    gizReportData                            0x08002711   Thumb Code   122  gizwits_protocol.o(i.gizReportData)
    i.gizStandardCompressValue               0x08002790   Section        0  datapointtools.o(i.gizStandardCompressValue)
    i.gizTimerMs                             0x08002810   Section        0  gizwits_product.o(i.gizTimerMs)
    i.gizY2X                                 0x08002820   Section        0  datapointtools.o(i.gizY2X)
    i.gizwitsEventProcess                    0x08002830   Section        0  gizwits_product.o(i.gizwitsEventProcess)
    i.gizwitsHandle                          0x080028b0   Section        0  gizwits_protocol.o(i.gizwitsHandle)
    i.gizwitsInit                            0x08002a9c   Section        0  gizwits_protocol.o(i.gizwitsInit)
    i.main                                   0x08002acc   Section        0  main.o(i.main)
    i.mcuRestart                             0x08002ad8   Section        0  gizwits_product.o(i.mcuRestart)
    i.rbCanRead                              0x08002b08   Section        0  ringbuffer.o(i.rbCanRead)
    i.rbCanWrite                             0x08002b40   Section        0  ringbuffer.o(i.rbCanWrite)
    i.rbCapacity                             0x08002b5e   Section        0  ringbuffer.o(i.rbCapacity)
    i.rbCreate                               0x08002b6c   Section        0  ringbuffer.o(i.rbCreate)
    i.rbRead                                 0x08002b82   Section        0  ringbuffer.o(i.rbRead)
    i.rbWrite                                0x08002c24   Section        0  ringbuffer.o(i.rbWrite)
    i.read_button1_GPIO                      0x08002cc0   Section        0  key.o(i.read_button1_GPIO)
    i.uartWrite                              0x08002cd4   Section        0  gizwits_product.o(i.uartWrite)
    i.usart2_init                            0x08002d2c   Section        0  usart2.o(i.usart2_init)
    i.usart3_init                            0x08002dd0   Section        0  usart3.o(i.usart3_init)
    i.usart_init                             0x08002e78   Section        0  usart.o(i.usart_init)
    i.userHandle                             0x08002f18   Section        0  app.o(i.userHandle)
    .constdata                               0x08002f90   Section     2648  oled.o(.constdata)
    .data                                    0x20000000   Section       20  stm32f10x_rcc.o(.data)
    APBAHBPrescTable                         0x20000000   Data          16  stm32f10x_rcc.o(.data)
    ADCPrescTable                            0x20000010   Data           4  stm32f10x_rcc.o(.data)
    .data                                    0x20000014   Section        1  timer.o(.data)
    Key_Count                                0x20000014   Data           1  timer.o(.data)
    .data                                    0x20000015   Section        2  usart.o(.data)
    .data                                    0x20000017   Section        3  usart2.o(.data)
    flag                                     0x20000019   Data           1  usart2.o(.data)
    .data                                    0x2000001c   Section        4  key.o(.data)
    head_handle                              0x2000001c   Data           4  key.o(.data)
    .data                                    0x20000020   Section        6  app.o(.data)
    .data                                    0x20000028   Section        5  gizwits_product.o(.data)
    timerMsCount                             0x20000028   Data           4  gizwits_product.o(.data)
    .data                                    0x20000030   Section       16  gizwits_protocol.o(.data)
    lastReportTime                           0x20000030   Data           4  gizwits_protocol.o(.data)
    lastRepTime                              0x20000034   Data           4  gizwits_protocol.o(.data)
    protocolFlag                             0x20000038   Data           1  gizwits_protocol.o(.data)
    protocolCount                            0x2000003a   Data           2  gizwits_protocol.o(.data)
    lastData                                 0x2000003c   Data           1  gizwits_protocol.o(.data)
    debugCount                               0x2000003d   Data           1  gizwits_protocol.o(.data)
    lastStatus                               0x2000003e   Data           2  gizwits_protocol.o(.data)
    .bss                                     0x20000040   Section       88  usart2.o(.bss)
    .bss                                     0x20000098   Section       40  key.o(.bss)
    .bss                                     0x200000c0   Section       26  app.o(.bss)
    .bss                                     0x200000dc   Section      538  gizwits_protocol.o(.bss)
    rbBuf                                    0x20000284   Data         114  gizwits_protocol.o(.bss)
    STACK                                    0x200002f8   Section     1024  startup_stm32f10x_md.o(STACK)

    Global Symbols

    Symbol Name                              Value     Ov Type        Size  Object(Section)

    BuildAttributes$$THM_ISAv4$P$D$K$B$S$PE$A:L22UL41UL21$X:L11$S22US41US21$IEEE1$IW$USESV6$~STKCKD$USESV7$~SHL$OTIME$ROPI$EBA8$MICROLIB$REQ8$PRES8$EABIv2 0x00000000   Number         0  anon$$obj.o ABSOLUTE
    __ARM_use_no_argv                        0x00000000   Number         0  main.o ABSOLUTE
    _printf_a                                0x00000000   Number         0  stubs.o ABSOLUTE
    _printf_c                                0x00000000   Number         0  stubs.o ABSOLUTE
    _printf_charcount                        0x00000000   Number         0  stubs.o ABSOLUTE
    _printf_d                                0x00000000   Number         0  stubs.o ABSOLUTE
    _printf_e                                0x00000000   Number         0  stubs.o ABSOLUTE
    _printf_f                                0x00000000   Number         0  stubs.o ABSOLUTE
    _printf_flags                            0x00000000   Number         0  stubs.o ABSOLUTE
    _printf_fp_dec                           0x00000000   Number         0  stubs.o ABSOLUTE
    _printf_fp_hex                           0x00000000   Number         0  stubs.o ABSOLUTE
    _printf_g                                0x00000000   Number         0  stubs.o ABSOLUTE
    _printf_i                                0x00000000   Number         0  stubs.o ABSOLUTE
    _printf_int_dec                          0x00000000   Number         0  stubs.o ABSOLUTE
    _printf_l                                0x00000000   Number         0  stubs.o ABSOLUTE
    _printf_lc                               0x00000000   Number         0  stubs.o ABSOLUTE
    _printf_ll                               0x00000000   Number         0  stubs.o ABSOLUTE
    _printf_lld                              0x00000000   Number         0  stubs.o ABSOLUTE
    _printf_lli                              0x00000000   Number         0  stubs.o ABSOLUTE
    _printf_llo                              0x00000000   Number         0  stubs.o ABSOLUTE
    _printf_llu                              0x00000000   Number         0  stubs.o ABSOLUTE
    _printf_llx                              0x00000000   Number         0  stubs.o ABSOLUTE
    _printf_longlong_dec                     0x00000000   Number         0  stubs.o ABSOLUTE
    _printf_longlong_hex                     0x00000000   Number         0  stubs.o ABSOLUTE
    _printf_longlong_oct                     0x00000000   Number         0  stubs.o ABSOLUTE
    _printf_ls                               0x00000000   Number         0  stubs.o ABSOLUTE
    _printf_mbtowc                           0x00000000   Number         0  stubs.o ABSOLUTE
    _printf_n                                0x00000000   Number         0  stubs.o ABSOLUTE
    _printf_o                                0x00000000   Number         0  stubs.o ABSOLUTE
    _printf_p                                0x00000000   Number         0  stubs.o ABSOLUTE
    _printf_percent                          0x00000000   Number         0  stubs.o ABSOLUTE
    _printf_pre_padding                      0x00000000   Number         0  stubs.o ABSOLUTE
    _printf_return_value                     0x00000000   Number         0  stubs.o ABSOLUTE
    _printf_s                                0x00000000   Number         0  stubs.o ABSOLUTE
    _printf_sizespec                         0x00000000   Number         0  stubs.o ABSOLUTE
    _printf_str                              0x00000000   Number         0  stubs.o ABSOLUTE
    _printf_truncate_signed                  0x00000000   Number         0  stubs.o ABSOLUTE
    _printf_truncate_unsigned                0x00000000   Number         0  stubs.o ABSOLUTE
    _printf_u                                0x00000000   Number         0  stubs.o ABSOLUTE
    _printf_wc                               0x00000000   Number         0  stubs.o ABSOLUTE
    _printf_wctomb                           0x00000000   Number         0  stubs.o ABSOLUTE
    _printf_widthprec                        0x00000000   Number         0  stubs.o ABSOLUTE
    _printf_x                                0x00000000   Number         0  stubs.o ABSOLUTE
    __cpp_initialize__aeabi_                  - Undefined Weak Reference
    __cxa_finalize                            - Undefined Weak Reference
    __decompress                              - Undefined Weak Reference
    _clock_init                               - Undefined Weak Reference
    _microlib_exit                            - Undefined Weak Reference
    __Vectors_Size                           0x000000ec   Number         0  startup_stm32f10x_md.o ABSOLUTE
    __Vectors                                0x08000000   Data           4  startup_stm32f10x_md.o(RESET)
    __Vectors_End                            0x080000ec   Data           0  startup_stm32f10x_md.o(RESET)
    __main                                   0x080000ed   Thumb Code     0  entry.o(.ARM.Collect$$$$00000000)
    _main_stk                                0x080000ed   Thumb Code     0  entry2.o(.ARM.Collect$$$$00000001)
    _main_scatterload                        0x080000f1   Thumb Code     0  entry5.o(.ARM.Collect$$$$00000004)
    __main_after_scatterload                 0x080000f5   Thumb Code     0  entry5.o(.ARM.Collect$$$$00000004)
    _main_clock                              0x080000f5   Thumb Code     0  entry7b.o(.ARM.Collect$$$$00000008)
    _main_cpp_init                           0x080000f5   Thumb Code     0  entry8b.o(.ARM.Collect$$$$0000000A)
    _main_init                               0x080000f5   Thumb Code     0  entry9a.o(.ARM.Collect$$$$0000000B)
    __rt_final_cpp                           0x080000fd   Thumb Code     0  entry10a.o(.ARM.Collect$$$$0000000D)
    __rt_final_exit                          0x080000fd   Thumb Code     0  entry11a.o(.ARM.Collect$$$$0000000F)
    Reset_Handler                            0x08000101   Thumb Code     8  startup_stm32f10x_md.o(.text)
    ADC1_2_IRQHandler                        0x0800011b   Thumb Code     0  startup_stm32f10x_md.o(.text)
    CAN1_RX1_IRQHandler                      0x0800011b   Thumb Code     0  startup_stm32f10x_md.o(.text)
    CAN1_SCE_IRQHandler                      0x0800011b   Thumb Code     0  startup_stm32f10x_md.o(.text)
    DMA1_Channel1_IRQHandler                 0x0800011b   Thumb Code     0  startup_stm32f10x_md.o(.text)
    DMA1_Channel2_IRQHandler                 0x0800011b   Thumb Code     0  startup_stm32f10x_md.o(.text)
    DMA1_Channel3_IRQHandler                 0x0800011b   Thumb Code     0  startup_stm32f10x_md.o(.text)
    DMA1_Channel4_IRQHandler                 0x0800011b   Thumb Code     0  startup_stm32f10x_md.o(.text)
    DMA1_Channel5_IRQHandler                 0x0800011b   Thumb Code     0  startup_stm32f10x_md.o(.text)
    DMA1_Channel6_IRQHandler                 0x0800011b   Thumb Code     0  startup_stm32f10x_md.o(.text)
    DMA1_Channel7_IRQHandler                 0x0800011b   Thumb Code     0  startup_stm32f10x_md.o(.text)
    EXTI0_IRQHandler                         0x0800011b   Thumb Code     0  startup_stm32f10x_md.o(.text)
    EXTI15_10_IRQHandler                     0x0800011b   Thumb Code     0  startup_stm32f10x_md.o(.text)
    EXTI1_IRQHandler                         0x0800011b   Thumb Code     0  startup_stm32f10x_md.o(.text)
    EXTI2_IRQHandler                         0x0800011b   Thumb Code     0  startup_stm32f10x_md.o(.text)
    EXTI3_IRQHandler                         0x0800011b   Thumb Code     0  startup_stm32f10x_md.o(.text)
    EXTI4_IRQHandler                         0x0800011b   Thumb Code     0  startup_stm32f10x_md.o(.text)
    EXTI9_5_IRQHandler                       0x0800011b   Thumb Code     0  startup_stm32f10x_md.o(.text)
    FLASH_IRQHandler                         0x0800011b   Thumb Code     0  startup_stm32f10x_md.o(.text)
    I2C1_ER_IRQHandler                       0x0800011b   Thumb Code     0  startup_stm32f10x_md.o(.text)
    I2C1_EV_IRQHandler                       0x0800011b   Thumb Code     0  startup_stm32f10x_md.o(.text)
    I2C2_ER_IRQHandler                       0x0800011b   Thumb Code     0  startup_stm32f10x_md.o(.text)
    I2C2_EV_IRQHandler                       0x0800011b   Thumb Code     0  startup_stm32f10x_md.o(.text)
    PVD_IRQHandler                           0x0800011b   Thumb Code     0  startup_stm32f10x_md.o(.text)
    RCC_IRQHandler                           0x0800011b   Thumb Code     0  startup_stm32f10x_md.o(.text)
    RTCAlarm_IRQHandler                      0x0800011b   Thumb Code     0  startup_stm32f10x_md.o(.text)
    RTC_IRQHandler                           0x0800011b   Thumb Code     0  startup_stm32f10x_md.o(.text)
    SPI1_IRQHandler                          0x0800011b   Thumb Code     0  startup_stm32f10x_md.o(.text)
    SPI2_IRQHandler                          0x0800011b   Thumb Code     0  startup_stm32f10x_md.o(.text)
    TAMPER_IRQHandler                        0x0800011b   Thumb Code     0  startup_stm32f10x_md.o(.text)
    TIM1_BRK_IRQHandler                      0x0800011b   Thumb Code     0  startup_stm32f10x_md.o(.text)
    TIM1_CC_IRQHandler                       0x0800011b   Thumb Code     0  startup_stm32f10x_md.o(.text)
    TIM1_TRG_COM_IRQHandler                  0x0800011b   Thumb Code     0  startup_stm32f10x_md.o(.text)
    TIM2_IRQHandler                          0x0800011b   Thumb Code     0  startup_stm32f10x_md.o(.text)
    TIM3_IRQHandler                          0x0800011b   Thumb Code     0  startup_stm32f10x_md.o(.text)
    USBWakeUp_IRQHandler                     0x0800011b   Thumb Code     0  startup_stm32f10x_md.o(.text)
    USB_HP_CAN1_TX_IRQHandler                0x0800011b   Thumb Code     0  startup_stm32f10x_md.o(.text)
    USB_LP_CAN1_RX0_IRQHandler               0x0800011b   Thumb Code     0  startup_stm32f10x_md.o(.text)
    WWDG_IRQHandler                          0x0800011b   Thumb Code     0  startup_stm32f10x_md.o(.text)
    __aeabi_memcpy                           0x08000125   Thumb Code    36  memcpya.o(.text)
    __aeabi_memcpy4                          0x08000125   Thumb Code     0  memcpya.o(.text)
    __aeabi_memcpy8                          0x08000125   Thumb Code     0  memcpya.o(.text)
    __aeabi_memset                           0x08000149   Thumb Code    14  memseta.o(.text)
    __aeabi_memset4                          0x08000149   Thumb Code     0  memseta.o(.text)
    __aeabi_memset8                          0x08000149   Thumb Code     0  memseta.o(.text)
    __aeabi_memclr                           0x08000157   Thumb Code     4  memseta.o(.text)
    __aeabi_memclr4                          0x08000157   Thumb Code     0  memseta.o(.text)
    __aeabi_memclr8                          0x08000157   Thumb Code     0  memseta.o(.text)
    _memset$wrapper                          0x0800015b   Thumb Code    18  memseta.o(.text)
    __aeabi_uidiv                            0x0800016d   Thumb Code     0  uidiv.o(.text)
    __aeabi_uidivmod                         0x0800016d   Thumb Code    44  uidiv.o(.text)
    __scatterload                            0x08000199   Thumb Code    28  init.o(.text)
    __scatterload_rt2                        0x08000199   Thumb Code     0  init.o(.text)
    APP_Init                                 0x080001bd   Thumb Code   154  app.o(i.APP_Init)
    APP_Run                                  0x08000275   Thumb Code    62  app.o(i.APP_Run)
    BTN1_DOUBLE_Click_Handler                0x080002c9   Thumb Code    14  key.o(i.BTN1_DOUBLE_Click_Handler)
    BTN1_LONG_PRESS_START_Handler            0x080002d7   Thumb Code     2  key.o(i.BTN1_LONG_PRESS_START_Handler)
    BTN1_PRESS_REPEAT_Handler                0x080002d9   Thumb Code     2  key.o(i.BTN1_PRESS_REPEAT_Handler)
    BTN1_SINGLE_Click_Handler                0x080002db   Thumb Code     2  key.o(i.BTN1_SINGLE_Click_Handler)
    BusFault_Handler                         0x080002dd   Thumb Code     4  stm32f10x_it.o(i.BusFault_Handler)
    Buzzer_Init                              0x080002e1   Thumb Code    48  buzzer.o(i.Buzzer_Init)
    DHT11_Check                              0x08000315   Thumb Code    88  dht11.o(i.DHT11_Check)
    DHT11_IO_IN                              0x08000371   Thumb Code    42  dht11.o(i.DHT11_IO_IN)
    DHT11_IO_OUT                             0x080003a1   Thumb Code    32  dht11.o(i.DHT11_IO_OUT)
    DHT11_Init                               0x080003c5   Thumb Code    12  dht11.o(i.DHT11_Init)
    DHT11_Read_Bit                           0x080003d1   Thumb Code    90  dht11.o(i.DHT11_Read_Bit)
    DHT11_Read_Byte                          0x08000431   Thumb Code    30  dht11.o(i.DHT11_Read_Byte)
    DHT11_Read_Data                          0x0800044f   Thumb Code    88  dht11.o(i.DHT11_Read_Data)
    DHT11_Rst                                0x080004a9   Thumb Code    40  dht11.o(i.DHT11_Rst)
    DebugMon_Handler                         0x080004d5   Thumb Code     2  stm32f10x_it.o(i.DebugMon_Handler)
    Delay_ms                                 0x080004d7   Thumb Code    24  delay.o(i.Delay_ms)
    Delay_us                                 0x080004ef   Thumb Code    46  delay.o(i.Delay_us)
    GPIO_Init                                0x0800051d   Thumb Code   278  stm32f10x_gpio.o(i.GPIO_Init)
    GPIO_ReadInputDataBit                    0x08000633   Thumb Code    18  stm32f10x_gpio.o(i.GPIO_ReadInputDataBit)
    GPIO_ReadOutputDataBit                   0x08000645   Thumb Code    18  stm32f10x_gpio.o(i.GPIO_ReadOutputDataBit)
    GPIO_ResetBits                           0x08000657   Thumb Code     4  stm32f10x_gpio.o(i.GPIO_ResetBits)
    GPIO_SetBits                             0x0800065b   Thumb Code     4  stm32f10x_gpio.o(i.GPIO_SetBits)
    Gizwits_Init                             0x08000661   Thumb Code    34  app.o(i.Gizwits_Init)
    HardFault_Handler                        0x08000689   Thumb Code     4  stm32f10x_it.o(i.HardFault_Handler)
    IIC_Start                                0x0800068d   Thumb Code    44  oled.o(i.IIC_Start)
    IIC_Stop                                 0x080006bd   Thumb Code    34  oled.o(i.IIC_Stop)
    IIC_WaitAck                              0x080006e5   Thumb Code    24  oled.o(i.IIC_WaitAck)
    IIC_WriteByte                            0x08000701   Thumb Code    88  oled.o(i.IIC_WriteByte)
    IIC_WriteCommand                         0x0800075d   Thumb Code    44  oled.o(i.IIC_WriteCommand)
    IIC_WriteData                            0x08000789   Thumb Code    44  oled.o(i.IIC_WriteData)
    KEY_GPIO_Init                            0x080007b5   Thumb Code    40  key.o(i.KEY_GPIO_Init)
    LED1_OFF                                 0x080007e1   Thumb Code    12  led.o(i.LED1_OFF)
    LED1_ON                                  0x080007f1   Thumb Code    12  led.o(i.LED1_ON)
    LED2_OFF                                 0x08000801   Thumb Code    12  led.o(i.LED2_OFF)
    LED2_ON                                  0x08000811   Thumb Code    12  led.o(i.LED2_ON)
    LED3_OFF                                 0x08000821   Thumb Code    14  led.o(i.LED3_OFF)
    LED_Init                                 0x08000835   Thumb Code    86  led.o(i.LED_Init)
    Massage_Init                             0x08000895   Thumb Code    48  massage.o(i.Massage_Init)
    Massage_OFF                              0x080008c9   Thumb Code    14  massage.o(i.Massage_OFF)
    Massage_ON                               0x080008dd   Thumb Code    14  massage.o(i.Massage_ON)
    MemManage_Handler                        0x080008f1   Thumb Code     4  stm32f10x_it.o(i.MemManage_Handler)
    NMI_Handler                              0x080008f5   Thumb Code     2  stm32f10x_it.o(i.NMI_Handler)
    NVIC_Init                                0x080008f9   Thumb Code   100  misc.o(i.NVIC_Init)
    NVIC_PriorityGroupConfig                 0x08000969   Thumb Code    10  misc.o(i.NVIC_PriorityGroupConfig)
    OLED_Clear                               0x0800097d   Thumb Code    62  oled.o(i.OLED_Clear)
    OLED_Init                                0x080009bd   Thumb Code   316  oled.o(i.OLED_Init)
    OLED_SetPos                              0x08000afd   Thumb Code    40  oled.o(i.OLED_SetPos)
    OLED_Show                                0x08000b25   Thumb Code   108  app.o(i.OLED_Show)
    OLED_ShowChar                            0x08000bc9   Thumb Code   154  oled.o(i.OLED_ShowChar)
    OLED_ShowString                          0x08000c6d   Thumb Code    58  oled.o(i.OLED_ShowString)
    OLED_WR_Byte                             0x08000ca7   Thumb Code    24  oled.o(i.OLED_WR_Byte)
    PendSV_Handler                           0x08000cbf   Thumb Code     2  stm32f10x_it.o(i.PendSV_Handler)
    Power3_OFF                               0x08000cc1   Thumb Code    14  power.o(i.Power3_OFF)
    Power3_ON                                0x08000cd5   Thumb Code    14  power.o(i.Power3_ON)
    Power5_OFF                               0x08000ce9   Thumb Code    14  power.o(i.Power5_OFF)
    Power5_ON                                0x08000cfd   Thumb Code    14  power.o(i.Power5_ON)
    PowerOut_Init                            0x08000d11   Thumb Code    76  power.o(i.PowerOut_Init)
    RCC_APB1PeriphClockCmd                   0x08000d65   Thumb Code    26  stm32f10x_rcc.o(i.RCC_APB1PeriphClockCmd)
    RCC_APB2PeriphClockCmd                   0x08000d85   Thumb Code    26  stm32f10x_rcc.o(i.RCC_APB2PeriphClockCmd)
    RCC_GetClocksFreq                        0x08000da5   Thumb Code   192  stm32f10x_rcc.o(i.RCC_GetClocksFreq)
    Read_DHT11                               0x08000e79   Thumb Code    12  app.o(i.Read_DHT11)
    SVC_Handler                              0x08000e8d   Thumb Code     2  stm32f10x_it.o(i.SVC_Handler)
    Serial_GetRxData                         0x08000e91   Thumb Code     6  usart.o(i.Serial_GetRxData)
    Serial_GetRxFlag                         0x08000e9d   Thumb Code    22  usart.o(i.Serial_GetRxFlag)
    Serial_SendByte                          0x08000eb9   Thumb Code    28  usart.o(i.Serial_SendByte)
    Soil_deal                                0x08000fc1   Thumb Code    86  app.o(i.Soil_deal)
    Sound_Init                               0x08001029   Thumb Code    32  sound.o(i.Sound_Init)
    SysTick_Handler                          0x0800104d   Thumb Code     2  stm32f10x_it.o(i.SysTick_Handler)
    SystemInit                               0x08001051   Thumb Code    78  system_stm32f10x.o(i.SystemInit)
    TIM1_Int_Init                            0x080010b1   Thumb Code    94  timer.o(i.TIM1_Int_Init)
    TIM1_UP_IRQHandler                       0x08001115   Thumb Code    48  timer.o(i.TIM1_UP_IRQHandler)
    TIM4_IRQHandler                          0x0800114d   Thumb Code    26  timer.o(i.TIM4_IRQHandler)
    TIM4_Int_Init                            0x0800116d   Thumb Code    90  timer.o(i.TIM4_Int_Init)
    TIM_ClearFlag                            0x080011cd   Thumb Code     6  stm32f10x_tim.o(i.TIM_ClearFlag)
    TIM_ClearITPendingBit                    0x080011d3   Thumb Code     6  stm32f10x_tim.o(i.TIM_ClearITPendingBit)
    TIM_Cmd                                  0x080011d9   Thumb Code    24  stm32f10x_tim.o(i.TIM_Cmd)
    TIM_GetITStatus                          0x080011f1   Thumb Code    34  stm32f10x_tim.o(i.TIM_GetITStatus)
    TIM_ITConfig                             0x08001213   Thumb Code    18  stm32f10x_tim.o(i.TIM_ITConfig)
    TIM_TimeBaseInit                         0x08001225   Thumb Code   122  stm32f10x_tim.o(i.TIM_TimeBaseInit)
    USART1_IRQHandler                        0x080012c9   Thumb Code    42  usart.o(i.USART1_IRQHandler)
    USART2_IRQHandler                        0x08001301   Thumb Code    92  usart2.o(i.USART2_IRQHandler)
    USART3_IRQHandler                        0x08001371   Thumb Code    34  usart3.o(i.USART3_IRQHandler)
    USART_ClearITPendingBit                  0x08001399   Thumb Code    30  stm32f10x_usart.o(i.USART_ClearITPendingBit)
    USART_Cmd                                0x080013b7   Thumb Code    24  stm32f10x_usart.o(i.USART_Cmd)
    USART_GetFlagStatus                      0x080013cf   Thumb Code    26  stm32f10x_usart.o(i.USART_GetFlagStatus)
    USART_GetITStatus                        0x080013e9   Thumb Code    84  stm32f10x_usart.o(i.USART_GetITStatus)
    USART_ITConfig                           0x0800143d   Thumb Code    74  stm32f10x_usart.o(i.USART_ITConfig)
    USART_Init                               0x08001489   Thumb Code   210  stm32f10x_usart.o(i.USART_Init)
    USART_ReceiveData                        0x08001561   Thumb Code    10  stm32f10x_usart.o(i.USART_ReceiveData)
    USART_SendData                           0x0800156b   Thumb Code     8  stm32f10x_usart.o(i.USART_SendData)
    UsageFault_Handler                       0x08001573   Thumb Code     4  stm32f10x_it.o(i.UsageFault_Handler)
    Usart2_SendByte                          0x08001577   Thumb Code    30  usart2.o(i.Usart2_SendByte)
    Voice_deal                               0x08001595   Thumb Code    80  app.o(i.Voice_deal)
    Wifi_Init                                0x080015e9   Thumb Code    40  wifi.o(i.Wifi_Init)
    __0sprintf$1                             0x08001615   Thumb Code    34  printf1.o(i.__0sprintf$1)
    __1sprintf$1                             0x08001615   Thumb Code     0  printf1.o(i.__0sprintf$1)
    __2sprintf                               0x08001615   Thumb Code     0  printf1.o(i.__0sprintf$1)
    __scatterload_copy                       0x0800163d   Thumb Code    14  handlers.o(i.__scatterload_copy)
    __scatterload_null                       0x0800164b   Thumb Code     2  handlers.o(i.__scatterload_null)
    __scatterload_zeroinit                   0x0800164d   Thumb Code    14  handlers.o(i.__scatterload_zeroinit)
    button_attach                            0x080017bb   Thumb Code    10  key.o(i.button_attach)
    button_handler                           0x080017c5   Thumb Code   572  key.o(i.button_handler)
    button_init                              0x08001a01   Thumb Code    50  key.o(i.button_init)
    button_start                             0x08001a35   Thumb Code    38  key.o(i.button_start)
    button_ticks                             0x08001a61   Thumb Code    22  key.o(i.button_ticks)
    exchangeBytes                            0x08001a7d   Thumb Code    26  common.o(i.exchangeBytes)
    exchangeWord                             0x08001a97   Thumb Code    26  common.o(i.exchangeWord)
    gizAcrossByteJudge                       0x08001ab1   Thumb Code    42  datapointtools.o(i.gizAcrossByteJudge)
    gizByteOrderExchange                     0x08001adb   Thumb Code    50  datapointtools.o(i.gizByteOrderExchange)
    gizGetTimerCount                         0x08001d19   Thumb Code     6  gizwits_product.o(i.gizGetTimerCount)
    gizProtocolSum                           0x0800264d   Thumb Code    38  common.o(i.gizProtocolSum)
    gizPutData                               0x080026e5   Thumb Code    40  gizwits_protocol.o(i.gizPutData)
    gizStandardCompressValue                 0x08002791   Thumb Code   128  datapointtools.o(i.gizStandardCompressValue)
    gizTimerMs                               0x08002811   Thumb Code    12  gizwits_product.o(i.gizTimerMs)
    gizY2X                                   0x08002821   Thumb Code    14  datapointtools.o(i.gizY2X)
    gizwitsEventProcess                      0x08002831   Thumb Code   124  gizwits_product.o(i.gizwitsEventProcess)
    gizwitsHandle                            0x080028b1   Thumb Code   482  gizwits_protocol.o(i.gizwitsHandle)
    gizwitsInit                              0x08002a9d   Thumb Code    36  gizwits_protocol.o(i.gizwitsInit)
    main                                     0x08002acd   Thumb Code    12  main.o(i.main)
    mcuRestart                               0x08002ad9   Thumb Code    38  gizwits_product.o(i.mcuRestart)
    rbCanRead                                0x08002b09   Thumb Code    56  ringbuffer.o(i.rbCanRead)
    rbCanWrite                               0x08002b41   Thumb Code    30  ringbuffer.o(i.rbCanWrite)
    rbCapacity                               0x08002b5f   Thumb Code    14  ringbuffer.o(i.rbCapacity)
    rbCreate                                 0x08002b6d   Thumb Code    22  ringbuffer.o(i.rbCreate)
    rbRead                                   0x08002b83   Thumb Code   162  ringbuffer.o(i.rbRead)
    rbWrite                                  0x08002c25   Thumb Code   154  ringbuffer.o(i.rbWrite)
    read_button1_GPIO                        0x08002cc1   Thumb Code    14  key.o(i.read_button1_GPIO)
    uartWrite                                0x08002cd5   Thumb Code    82  gizwits_product.o(i.uartWrite)
    usart2_init                              0x08002d2d   Thumb Code   154  usart2.o(i.usart2_init)
    usart3_init                              0x08002dd1   Thumb Code   158  usart3.o(i.usart3_init)
    usart_init                               0x08002e79   Thumb Code   152  usart.o(i.usart_init)
    userHandle                               0x08002f19   Thumb Code    86  app.o(i.userHandle)
    F6x8                                     0x08002f90   Data         552  oled.o(.constdata)
    F8X16                                    0x080031b8   Data        1520  oled.o(.constdata)
    Hzk                                      0x080037a8   Data         576  oled.o(.constdata)
    Region$$Table$$Base                      0x080039e8   Number         0  anon$$obj.o(Region$$Table)
    Region$$Table$$Limit                     0x08003a08   Number         0  anon$$obj.o(Region$$Table)
    Serial_RxData                            0x20000015   Data           1  usart.o(.data)
    Serial_RxFlag                            0x20000016   Data           1  usart.o(.data)
    finish_Flag                              0x20000017   Data           1  usart2.o(.data)
    USART2_STA                               0x20000018   Data           1  usart2.o(.data)
    temp                                     0x20000020   Data           1  app.o(.data)
    hum                                      0x20000021   Data           1  app.o(.data)
    xue                                      0x20000022   Data           1  app.o(.data)
    heart                                    0x20000023   Data           1  app.o(.data)
    RxData                                   0x20000024   Data           1  app.o(.data)
    sound_num                                0x20000025   Data           1  app.o(.data)
    wifi_flag                                0x2000002c   Data           1  gizwits_product.o(.data)
    USART2_BUF                               0x20000040   Data          88  usart2.o(.bss)
    btn1                                     0x20000098   Data          40  key.o(.bss)
    currentDataPoint                         0x200000c0   Data          26  app.o(.bss)
    gizwitsProtocol                          0x200000dc   Data         408  gizwits_protocol.o(.bss)
    pRb                                      0x20000274   Data          16  gizwits_protocol.o(.bss)
    __initial_sp                             0x200006f8   Data           0  startup_stm32f10x_md.o(STACK)



==============================================================================

Memory Map of the image

  Image Entry point : 0x080000ed

  Load Region LR_IROM1 (Base: 0x08000000, Size: 0x00003a48, Max: 0x00010000, ABSOLUTE)

    Execution Region ER_IROM1 (Exec base: 0x08000000, Load base: 0x08000000, Size: 0x00003a08, Max: 0x00010000, ABSOLUTE)

    Exec Addr    Load Addr    Size         Type   Attr      Idx    E Section Name        Object

    0x08000000   0x08000000   0x000000ec   Data   RO            3    RESET               startup_stm32f10x_md.o
    0x080000ec   0x080000ec   0x00000000   Code   RO         4600  * .ARM.Collect$$$$00000000  mc_w.l(entry.o)
    0x080000ec   0x080000ec   0x00000004   Code   RO         4884    .ARM.Collect$$$$00000001  mc_w.l(entry2.o)
    0x080000f0   0x080000f0   0x00000004   Code   RO         4887    .ARM.Collect$$$$00000004  mc_w.l(entry5.o)
    0x080000f4   0x080000f4   0x00000000   Code   RO         4889    .ARM.Collect$$$$00000008  mc_w.l(entry7b.o)
    0x080000f4   0x080000f4   0x00000000   Code   RO         4891    .ARM.Collect$$$$0000000A  mc_w.l(entry8b.o)
    0x080000f4   0x080000f4   0x00000008   Code   RO         4892    .ARM.Collect$$$$0000000B  mc_w.l(entry9a.o)
    0x080000fc   0x080000fc   0x00000000   Code   RO         4894    .ARM.Collect$$$$0000000D  mc_w.l(entry10a.o)
    0x080000fc   0x080000fc   0x00000000   Code   RO         4896    .ARM.Collect$$$$0000000F  mc_w.l(entry11a.o)
    0x080000fc   0x080000fc   0x00000004   Code   RO         4885    .ARM.Collect$$$$00002712  mc_w.l(entry2.o)
    0x08000100   0x08000100   0x00000024   Code   RO            4    .text               startup_stm32f10x_md.o
    0x08000124   0x08000124   0x00000024   Code   RO         4605    .text               mc_w.l(memcpya.o)
    0x08000148   0x08000148   0x00000024   Code   RO         4607    .text               mc_w.l(memseta.o)
    0x0800016c   0x0800016c   0x0000002c   Code   RO         4899    .text               mc_w.l(uidiv.o)
    0x08000198   0x08000198   0x00000024   Code   RO         4916    .text               mc_w.l(init.o)
    0x080001bc   0x080001bc   0x000000b8   Code   RO         3762    i.APP_Init          app.o
    0x08000274   0x08000274   0x00000054   Code   RO         3763    i.APP_Run           app.o
    0x080002c8   0x080002c8   0x0000000e   Code   RO         3499    i.BTN1_DOUBLE_Click_Handler  key.o
    0x080002d6   0x080002d6   0x00000002   Code   RO         3500    i.BTN1_LONG_PRESS_START_Handler  key.o
    0x080002d8   0x080002d8   0x00000002   Code   RO         3501    i.BTN1_PRESS_REPEAT_Handler  key.o
    0x080002da   0x080002da   0x00000002   Code   RO         3502    i.BTN1_SINGLE_Click_Handler  key.o
    0x080002dc   0x080002dc   0x00000004   Code   RO         4116    i.BusFault_Handler  stm32f10x_it.o
    0x080002e0   0x080002e0   0x00000034   Code   RO         3732    i.Buzzer_Init       buzzer.o
    0x08000314   0x08000314   0x0000005c   Code   RO         3996    i.DHT11_Check       dht11.o
    0x08000370   0x08000370   0x00000030   Code   RO         3997    i.DHT11_IO_IN       dht11.o
    0x080003a0   0x080003a0   0x00000024   Code   RO         3998    i.DHT11_IO_OUT      dht11.o
    0x080003c4   0x080003c4   0x0000000c   Code   RO         3999    i.DHT11_Init        dht11.o
    0x080003d0   0x080003d0   0x00000060   Code   RO         4000    i.DHT11_Read_Bit    dht11.o
    0x08000430   0x08000430   0x0000001e   Code   RO         4001    i.DHT11_Read_Byte   dht11.o
    0x0800044e   0x0800044e   0x00000058   Code   RO         4002    i.DHT11_Read_Data   dht11.o
    0x080004a6   0x080004a6   0x00000002   PAD
    0x080004a8   0x080004a8   0x0000002c   Code   RO         4003    i.DHT11_Rst         dht11.o
    0x080004d4   0x080004d4   0x00000002   Code   RO         4117    i.DebugMon_Handler  stm32f10x_it.o
    0x080004d6   0x080004d6   0x00000018   Code   RO         3196    i.Delay_ms          delay.o
    0x080004ee   0x080004ee   0x0000002e   Code   RO         3198    i.Delay_us          delay.o
    0x0800051c   0x0800051c   0x00000116   Code   RO         1347    i.GPIO_Init         stm32f10x_gpio.o
    0x08000632   0x08000632   0x00000012   Code   RO         1351    i.GPIO_ReadInputDataBit  stm32f10x_gpio.o
    0x08000644   0x08000644   0x00000012   Code   RO         1353    i.GPIO_ReadOutputDataBit  stm32f10x_gpio.o
    0x08000656   0x08000656   0x00000004   Code   RO         1354    i.GPIO_ResetBits    stm32f10x_gpio.o
    0x0800065a   0x0800065a   0x00000004   Code   RO         1355    i.GPIO_SetBits      stm32f10x_gpio.o
    0x0800065e   0x0800065e   0x00000002   PAD
    0x08000660   0x08000660   0x00000028   Code   RO         3764    i.Gizwits_Init      app.o
    0x08000688   0x08000688   0x00000004   Code   RO         4118    i.HardFault_Handler  stm32f10x_it.o
    0x0800068c   0x0800068c   0x00000030   Code   RO         3593    i.IIC_Start         oled.o
    0x080006bc   0x080006bc   0x00000028   Code   RO         3594    i.IIC_Stop          oled.o
    0x080006e4   0x080006e4   0x0000001c   Code   RO         3595    i.IIC_WaitAck       oled.o
    0x08000700   0x08000700   0x0000005c   Code   RO         3596    i.IIC_WriteByte     oled.o
    0x0800075c   0x0800075c   0x0000002c   Code   RO         3597    i.IIC_WriteCommand  oled.o
    0x08000788   0x08000788   0x0000002c   Code   RO         3598    i.IIC_WriteData     oled.o
    0x080007b4   0x080007b4   0x0000002c   Code   RO         3503    i.KEY_GPIO_Init     key.o
    0x080007e0   0x080007e0   0x00000010   Code   RO         3451    i.LED1_OFF          led.o
    0x080007f0   0x080007f0   0x00000010   Code   RO         3452    i.LED1_ON           led.o
    0x08000800   0x08000800   0x00000010   Code   RO         3453    i.LED2_OFF          led.o
    0x08000810   0x08000810   0x00000010   Code   RO         3454    i.LED2_ON           led.o
    0x08000820   0x08000820   0x00000014   Code   RO         3455    i.LED3_OFF          led.o
    0x08000834   0x08000834   0x00000060   Code   RO         3457    i.LED_Init          led.o
    0x08000894   0x08000894   0x00000034   Code   RO         4053    i.Massage_Init      massage.o
    0x080008c8   0x080008c8   0x00000014   Code   RO         4054    i.Massage_OFF       massage.o
    0x080008dc   0x080008dc   0x00000014   Code   RO         4055    i.Massage_ON        massage.o
    0x080008f0   0x080008f0   0x00000004   Code   RO         4119    i.MemManage_Handler  stm32f10x_it.o
    0x080008f4   0x080008f4   0x00000002   Code   RO         4120    i.NMI_Handler       stm32f10x_it.o
    0x080008f6   0x080008f6   0x00000002   PAD
    0x080008f8   0x080008f8   0x00000070   Code   RO          137    i.NVIC_Init         misc.o
    0x08000968   0x08000968   0x00000014   Code   RO          138    i.NVIC_PriorityGroupConfig  misc.o
    0x0800097c   0x0800097c   0x0000003e   Code   RO         3599    i.OLED_Clear        oled.o
    0x080009ba   0x080009ba   0x00000002   PAD
    0x080009bc   0x080009bc   0x00000140   Code   RO         3604    i.OLED_Init         oled.o
    0x08000afc   0x08000afc   0x00000028   Code   RO         3606    i.OLED_SetPos       oled.o
    0x08000b24   0x08000b24   0x000000a4   Code   RO         3765    i.OLED_Show         app.o
    0x08000bc8   0x08000bc8   0x000000a4   Code   RO         3608    i.OLED_ShowChar     oled.o
    0x08000c6c   0x08000c6c   0x0000003a   Code   RO         3610    i.OLED_ShowString   oled.o
    0x08000ca6   0x08000ca6   0x00000018   Code   RO         3611    i.OLED_WR_Byte      oled.o
    0x08000cbe   0x08000cbe   0x00000002   Code   RO         4121    i.PendSV_Handler    stm32f10x_it.o
    0x08000cc0   0x08000cc0   0x00000014   Code   RO         3960    i.Power3_OFF        power.o
    0x08000cd4   0x08000cd4   0x00000014   Code   RO         3961    i.Power3_ON         power.o
    0x08000ce8   0x08000ce8   0x00000014   Code   RO         3962    i.Power5_OFF        power.o
    0x08000cfc   0x08000cfc   0x00000014   Code   RO         3963    i.Power5_ON         power.o
    0x08000d10   0x08000d10   0x00000054   Code   RO         3964    i.PowerOut_Init     power.o
    0x08000d64   0x08000d64   0x00000020   Code   RO         1775    i.RCC_APB1PeriphClockCmd  stm32f10x_rcc.o
    0x08000d84   0x08000d84   0x00000020   Code   RO         1777    i.RCC_APB2PeriphClockCmd  stm32f10x_rcc.o
    0x08000da4   0x08000da4   0x000000d4   Code   RO         1785    i.RCC_GetClocksFreq  stm32f10x_rcc.o
    0x08000e78   0x08000e78   0x00000014   Code   RO         3766    i.Read_DHT11        app.o
    0x08000e8c   0x08000e8c   0x00000002   Code   RO         4122    i.SVC_Handler       stm32f10x_it.o
    0x08000e8e   0x08000e8e   0x00000002   PAD
    0x08000e90   0x08000e90   0x0000000c   Code   RO         3284    i.Serial_GetRxData  usart.o
    0x08000e9c   0x08000e9c   0x0000001c   Code   RO         3285    i.Serial_GetRxFlag  usart.o
    0x08000eb8   0x08000eb8   0x00000020   Code   RO         3288    i.Serial_SendByte   usart.o
    0x08000ed8   0x08000ed8   0x00000008   Code   RO           24    i.SetSysClock       system_stm32f10x.o
    0x08000ee0   0x08000ee0   0x000000e0   Code   RO           25    i.SetSysClockTo72   system_stm32f10x.o
    0x08000fc0   0x08000fc0   0x00000068   Code   RO         3767    i.Soil_deal         app.o
    0x08001028   0x08001028   0x00000024   Code   RO         4077    i.Sound_Init        sound.o
    0x0800104c   0x0800104c   0x00000002   Code   RO         4123    i.SysTick_Handler   stm32f10x_it.o
    0x0800104e   0x0800104e   0x00000002   PAD
    0x08001050   0x08001050   0x00000060   Code   RO           27    i.SystemInit        system_stm32f10x.o
    0x080010b0   0x080010b0   0x00000064   Code   RO         3220    i.TIM1_Int_Init     timer.o
    0x08001114   0x08001114   0x00000038   Code   RO         3221    i.TIM1_UP_IRQHandler  timer.o
    0x0800114c   0x0800114c   0x00000020   Code   RO         3222    i.TIM4_IRQHandler   timer.o
    0x0800116c   0x0800116c   0x00000060   Code   RO         3223    i.TIM4_Int_Init     timer.o
    0x080011cc   0x080011cc   0x00000006   Code   RO         2415    i.TIM_ClearFlag     stm32f10x_tim.o
    0x080011d2   0x080011d2   0x00000006   Code   RO         2416    i.TIM_ClearITPendingBit  stm32f10x_tim.o
    0x080011d8   0x080011d8   0x00000018   Code   RO         2421    i.TIM_Cmd           stm32f10x_tim.o
    0x080011f0   0x080011f0   0x00000022   Code   RO         2442    i.TIM_GetITStatus   stm32f10x_tim.o
    0x08001212   0x08001212   0x00000012   Code   RO         2446    i.TIM_ITConfig      stm32f10x_tim.o
    0x08001224   0x08001224   0x000000a4   Code   RO         2492    i.TIM_TimeBaseInit  stm32f10x_tim.o
    0x080012c8   0x080012c8   0x00000038   Code   RO         3291    i.USART1_IRQHandler  usart.o
    0x08001300   0x08001300   0x00000070   Code   RO         3366    i.USART2_IRQHandler  usart2.o
    0x08001370   0x08001370   0x00000028   Code   RO         3400    i.USART3_IRQHandler  usart3.o
    0x08001398   0x08001398   0x0000001e   Code   RO         2957    i.USART_ClearITPendingBit  stm32f10x_usart.o
    0x080013b6   0x080013b6   0x00000018   Code   RO         2960    i.USART_Cmd         stm32f10x_usart.o
    0x080013ce   0x080013ce   0x0000001a   Code   RO         2963    i.USART_GetFlagStatus  stm32f10x_usart.o
    0x080013e8   0x080013e8   0x00000054   Code   RO         2964    i.USART_GetITStatus  stm32f10x_usart.o
    0x0800143c   0x0800143c   0x0000004a   Code   RO         2966    i.USART_ITConfig    stm32f10x_usart.o
    0x08001486   0x08001486   0x00000002   PAD
    0x08001488   0x08001488   0x000000d8   Code   RO         2967    i.USART_Init        stm32f10x_usart.o
    0x08001560   0x08001560   0x0000000a   Code   RO         2974    i.USART_ReceiveData  stm32f10x_usart.o
    0x0800156a   0x0800156a   0x00000008   Code   RO         2977    i.USART_SendData    stm32f10x_usart.o
    0x08001572   0x08001572   0x00000004   Code   RO         4124    i.UsageFault_Handler  stm32f10x_it.o
    0x08001576   0x08001576   0x0000001e   Code   RO         3367    i.Usart2_SendByte   usart2.o
    0x08001594   0x08001594   0x00000054   Code   RO         3768    i.Voice_deal        app.o
    0x080015e8   0x080015e8   0x0000002c   Code   RO         4089    i.Wifi_Init         wifi.o
    0x08001614   0x08001614   0x00000028   Code   RO         4660    i.__0sprintf$1      mc_w.l(printf1.o)
    0x0800163c   0x0800163c   0x0000000e   Code   RO         4928    i.__scatterload_copy  mc_w.l(handlers.o)
    0x0800164a   0x0800164a   0x00000002   Code   RO         4929    i.__scatterload_null  mc_w.l(handlers.o)
    0x0800164c   0x0800164c   0x0000000e   Code   RO         4930    i.__scatterload_zeroinit  mc_w.l(handlers.o)
    0x0800165a   0x0800165a   0x00000002   PAD
    0x0800165c   0x0800165c   0x00000154   Code   RO         4665    i._printf_core      mc_w.l(printf1.o)
    0x080017b0   0x080017b0   0x0000000a   Code   RO         4667    i._sputc            mc_w.l(printf1.o)
    0x080017ba   0x080017ba   0x0000000a   Code   RO         3504    i.button_attach     key.o
    0x080017c4   0x080017c4   0x0000023c   Code   RO         3505    i.button_handler    key.o
    0x08001a00   0x08001a00   0x00000032   Code   RO         3506    i.button_init       key.o
    0x08001a32   0x08001a32   0x00000002   PAD
    0x08001a34   0x08001a34   0x0000002c   Code   RO         3507    i.button_start      key.o
    0x08001a60   0x08001a60   0x0000001c   Code   RO         3509    i.button_ticks      key.o
    0x08001a7c   0x08001a7c   0x0000001a   Code   RO         4408    i.exchangeBytes     common.o
    0x08001a96   0x08001a96   0x0000001a   Code   RO         4409    i.exchangeWord      common.o
    0x08001ab0   0x08001ab0   0x0000002a   Code   RO         4480    i.gizAcrossByteJudge  datapointtools.o
    0x08001ada   0x08001ada   0x00000032   Code   RO         4481    i.gizByteOrderExchange  datapointtools.o
    0x08001b0c   0x08001b0c   0x000000e0   Code   RO         4253    i.gizCheckReport    gizwits_protocol.o
    0x08001bec   0x08001bec   0x000000aa   Code   RO         4254    i.gizDataPoints2ReportData  gizwits_protocol.o
    0x08001c96   0x08001c96   0x00000002   PAD
    0x08001c98   0x08001c98   0x00000080   Code   RO         4255    i.gizDevReportPolicy  gizwits_protocol.o
    0x08001d18   0x08001d18   0x0000000c   Code   RO         4181    i.gizGetTimerCount  gizwits_product.o
    0x08001d24   0x08001d24   0x00000050   Code   RO         4256    i.gizProtocolAckHandle  gizwits_protocol.o
    0x08001d74   0x08001d74   0x0000004a   Code   RO         4257    i.gizProtocolCommonAck  gizwits_protocol.o
    0x08001dbe   0x08001dbe   0x0000004e   Code   RO         4258    i.gizProtocolErrorCmd  gizwits_protocol.o
    0x08001e0c   0x08001e0c   0x00000124   Code   RO         4259    i.gizProtocolGetDeviceInfo  gizwits_protocol.o
    0x08001f30   0x08001f30   0x00000184   Code   RO         4260    i.gizProtocolGetOnePacket  gizwits_protocol.o
    0x080020b4   0x080020b4   0x0000001a   Code   RO         4261    i.gizProtocolHeadInit  gizwits_protocol.o
    0x080020ce   0x080020ce   0x000000ce   Code   RO         4262    i.gizProtocolIssuedDataAck  gizwits_protocol.o
    0x0800219c   0x0800219c   0x000000c8   Code   RO         4263    i.gizProtocolIssuedProcess  gizwits_protocol.o
    0x08002264   0x08002264   0x00000044   Code   RO         4264    i.gizProtocolModuleInfoHandle  gizwits_protocol.o
    0x080022a8   0x080022a8   0x000002dc   Code   RO         4265    i.gizProtocolModuleStatus  gizwits_protocol.o
    0x08002584   0x08002584   0x00000070   Code   RO         4266    i.gizProtocolNTP    gizwits_protocol.o
    0x080025f4   0x080025f4   0x0000001c   Code   RO         4267    i.gizProtocolReboot  gizwits_protocol.o
    0x08002610   0x08002610   0x0000003c   Code   RO         4268    i.gizProtocolResendData  gizwits_protocol.o
    0x0800264c   0x0800264c   0x00000026   Code   RO         4411    i.gizProtocolSum    common.o
    0x08002672   0x08002672   0x00000002   PAD
    0x08002674   0x08002674   0x00000044   Code   RO         4269    i.gizProtocolWaitAck  gizwits_protocol.o
    0x080026b8   0x080026b8   0x0000002c   Code   RO         4270    i.gizProtocolWaitAckCheck  gizwits_protocol.o
    0x080026e4   0x080026e4   0x0000002c   Code   RO         4271    i.gizPutData        gizwits_protocol.o
    0x08002710   0x08002710   0x00000080   Code   RO         4272    i.gizReportData     gizwits_protocol.o
    0x08002790   0x08002790   0x00000080   Code   RO         4482    i.gizStandardCompressValue  datapointtools.o
    0x08002810   0x08002810   0x00000010   Code   RO         4182    i.gizTimerMs        gizwits_product.o
    0x08002820   0x08002820   0x0000000e   Code   RO         4488    i.gizY2X            datapointtools.o
    0x0800282e   0x0800282e   0x00000002   PAD
    0x08002830   0x08002830   0x00000080   Code   RO         4183    i.gizwitsEventProcess  gizwits_product.o
    0x080028b0   0x080028b0   0x000001ec   Code   RO         4275    i.gizwitsHandle     gizwits_protocol.o
    0x08002a9c   0x08002a9c   0x00000030   Code   RO         4276    i.gizwitsInit       gizwits_protocol.o
    0x08002acc   0x08002acc   0x0000000c   Code   RO         4101    i.main              main.o
    0x08002ad8   0x08002ad8   0x00000030   Code   RO         4184    i.mcuRestart        gizwits_product.o
    0x08002b08   0x08002b08   0x00000038   Code   RO         4549    i.rbCanRead         ringbuffer.o
    0x08002b40   0x08002b40   0x0000001e   Code   RO         4550    i.rbCanWrite        ringbuffer.o
    0x08002b5e   0x08002b5e   0x0000000e   Code   RO         4551    i.rbCapacity        ringbuffer.o
    0x08002b6c   0x08002b6c   0x00000016   Code   RO         4552    i.rbCreate          ringbuffer.o
    0x08002b82   0x08002b82   0x000000a2   Code   RO         4554    i.rbRead            ringbuffer.o
    0x08002c24   0x08002c24   0x0000009a   Code   RO         4555    i.rbWrite           ringbuffer.o
    0x08002cbe   0x08002cbe   0x00000002   PAD
    0x08002cc0   0x08002cc0   0x00000014   Code   RO         3511    i.read_button1_GPIO  key.o
    0x08002cd4   0x08002cd4   0x00000058   Code   RO         4185    i.uartWrite         gizwits_product.o
    0x08002d2c   0x08002d2c   0x000000a4   Code   RO         3368    i.usart2_init       usart2.o
    0x08002dd0   0x08002dd0   0x000000a8   Code   RO         3401    i.usart3_init       usart3.o
    0x08002e78   0x08002e78   0x000000a0   Code   RO         3294    i.usart_init        usart.o
    0x08002f18   0x08002f18   0x00000078   Code   RO         3769    i.userHandle        app.o
    0x08002f90   0x08002f90   0x00000a58   Data   RO         3613    .constdata          oled.o
    0x080039e8   0x080039e8   0x00000020   Data   RO         4926    Region$$Table       anon$$obj.o


    Execution Region RW_IRAM1 (Exec base: 0x20000000, Load base: 0x08003a08, Size: 0x000006f8, Max: 0x00005000, ABSOLUTE)

    Exec Addr    Load Addr    Size         Type   Attr      Idx    E Section Name        Object

    0x20000000   0x08003a08   0x00000014   Data   RW         1805    .data               stm32f10x_rcc.o
    0x20000014   0x08003a1c   0x00000001   Data   RW         3224    .data               timer.o
    0x20000015   0x08003a1d   0x00000002   Data   RW         3295    .data               usart.o
    0x20000017   0x08003a1f   0x00000003   Data   RW         3370    .data               usart2.o
    0x2000001a   0x08003a22   0x00000002   PAD
    0x2000001c   0x08003a24   0x00000004   Data   RW         3513    .data               key.o
    0x20000020   0x08003a28   0x00000006   Data   RW         3771    .data               app.o
    0x20000026   0x08003a2e   0x00000002   PAD
    0x20000028   0x08003a30   0x00000005   Data   RW         4187    .data               gizwits_product.o
    0x2000002d   0x08003a35   0x00000003   PAD
    0x20000030   0x08003a38   0x00000010   Data   RW         4280    .data               gizwits_protocol.o
    0x20000040        -       0x00000058   Zero   RW         3369    .bss                usart2.o
    0x20000098        -       0x00000028   Zero   RW         3512    .bss                key.o
    0x200000c0        -       0x0000001a   Zero   RW         3770    .bss                app.o
    0x200000da   0x08003a48   0x00000002   PAD
    0x200000dc        -       0x0000021a   Zero   RW         4279    .bss                gizwits_protocol.o
    0x200002f6   0x08003a48   0x00000002   PAD
    0x200002f8        -       0x00000400   Zero   RW            1    STACK               startup_stm32f10x_md.o


==============================================================================

Image component sizes


      Code (inc. data)   RO Data    RW Data    ZI Data      Debug   Object Name

       800        178          0          6         26      10682   app.o
        52          4          0          0          0        442   buzzer.o
        90          0          0          0          0       3140   common.o
         0          0          0          0          0       4500   core_cm3.o
       234          0          0          0          0       3008   datapointtools.o
        70          0          0          0          0        850   delay.o
       446         24          0          0          0       4185   dht11.o
       292         48          0          5          0      25266   gizwits_product.o
      3690        258          0         16        538      15737   gizwits_protocol.o
       788         28          0          4         40       6680   key.o
       180         32          0          0          0       2360   led.o
        12          0          0          0          0        383   main.o
        92         16          0          0          0       1234   massage.o
       132         22          0          0          0     204571   misc.o
       964         32       2648          0          0       7088   oled.o
       164         32          0          0          0       2014   power.o
       438          0          0          0          0       4132   ringbuffer.o
        36          4          0          0          0        429   sound.o
        36          8        236          0       1024        776   startup_stm32f10x_md.o
         0          0          0          0          0       1620   stm32f10x_adc.o
       322          0          0          0          0      12125   stm32f10x_gpio.o
        26          0          0          0          0       3414   stm32f10x_it.o
       276         32          0         20          0      12758   stm32f10x_rcc.o
       252         42          0          0          0      23854   stm32f10x_tim.o
       472          6          0          0          0      12111   stm32f10x_usart.o
       328         28          0          0          0      44925   system_stm32f10x.o
       284         26          0          1          0       2071   timer.o
       288         38          0          2          0       3815   usart.o
       306         30          0          3         88       2176   usart2.o
       208         16          0          0          0       1074   usart3.o
        44          4          0          0          0        428   wifi.o

    ----------------------------------------------------------------------
     11346        908       2916         64       1720     417848   Object Totals
         0          0         32          0          0          0   (incl. Generated)
        24          0          0          7          4          0   (incl. Padding)

    ----------------------------------------------------------------------

      Code (inc. data)   RO Data    RW Data    ZI Data      Debug   Library Member Name

         0          0          0          0          0          0   entry.o
         0          0          0          0          0          0   entry10a.o
         0          0          0          0          0          0   entry11a.o
         8          4          0          0          0          0   entry2.o
         4          0          0          0          0          0   entry5.o
         0          0          0          0          0          0   entry7b.o
         0          0          0          0          0          0   entry8b.o
         8          4          0          0          0          0   entry9a.o
        30          0          0          0          0          0   handlers.o
        36          8          0          0          0         68   init.o
        36          0          0          0          0         68   memcpya.o
        36          0          0          0          0        108   memseta.o
       390         10          0          0          0        252   printf1.o
        44          0          0          0          0         80   uidiv.o

    ----------------------------------------------------------------------
       594         26          0          0          0        576   Library Totals
         2          0          0          0          0          0   (incl. Padding)

    ----------------------------------------------------------------------

      Code (inc. data)   RO Data    RW Data    ZI Data      Debug   Library Name

       592         26          0          0          0        576   mc_w.l

    ----------------------------------------------------------------------
       594         26          0          0          0        576   Library Totals

    ----------------------------------------------------------------------

==============================================================================


      Code (inc. data)   RO Data    RW Data    ZI Data      Debug   

     11940        934       2916         64       1720     410828   Grand Totals
     11940        934       2916         64       1720     410828   ELF Image Totals
     11940        934       2916         64          0          0   ROM Totals

==============================================================================

    Total RO  Size (Code + RO Data)                14856 (  14.51kB)
    Total RW  Size (RW Data + ZI Data)              1784 (   1.74kB)
    Total ROM Size (Code + RO Data + RW Data)      14920 (  14.57kB)

==============================================================================

